// Jest Snapshot v1, https://goo.gl/fbAQLP

exports[`QuestionWithSingleSelectField should render snapshot 1`] = `
<View
  style={
    Object {
      "flex": 1,
    }
  }
>
  <RNCSafeAreaView
    onInsetsChange={[Function]}
    style={
      Object {
        "flex": 1,
      }
    }
  >
    <View
      onLayout={[Function]}
      style={
        Object {
          "flex": 1,
          "overflow": "hidden",
        }
      }
    >
      <View
        pointerEvents="box-none"
        style={
          Object {
            "bottom": 0,
            "left": 0,
            "position": "absolute",
            "right": 0,
            "top": 0,
          }
        }
      >
        <View
          accessibilityElementsHidden={false}
          closing={false}
          gestureVelocityImpact={0.3}
          importantForAccessibility="auto"
          onClose={[Function]}
          onGestureBegin={[Function]}
          onGestureCanceled={[Function]}
          onOpen={[Function]}
          onTransitionStart={[Function]}
          pointerEvents="box-none"
          style={
            Object {
              "bottom": 0,
              "left": 0,
              "position": "absolute",
              "right": 0,
              "top": 0,
            }
          }
          transitionSpec={
            Object {
              "close": Object {
                "animation": "spring",
                "config": Object {
                  "damping": 500,
                  "mass": 3,
                  "overshootClamping": true,
                  "restDisplacementThreshold": 0.01,
                  "restSpeedThreshold": 0.01,
                  "stiffness": 1000,
                },
              },
              "open": Object {
                "animation": "spring",
                "config": Object {
                  "damping": 500,
                  "mass": 3,
                  "overshootClamping": true,
                  "restDisplacementThreshold": 0.01,
                  "restSpeedThreshold": 0.01,
                  "stiffness": 1000,
                },
              },
            }
          }
        >
          <View
            pointerEvents="box-none"
            style={
              Object {
                "flex": 1,
              }
            }
          >
            <View
              enabled={false}
              hitSlop={
                Object {
                  "right": -700,
                }
              }
              maxDeltaY={20}
              minOffsetX={5}
              onHandlerStateChange={[Function]}
            >
              <View
                style={
                  Object {
                    "flex": 1,
                    "transform": Array [
                      Object {
                        "translateX": 0,
                      },
                      Object {
                        "translateX": 0,
                      },
                    ],
                  }
                }
              >
                <View
                  pointerEvents="none"
                  style={
                    Object {
                      "backgroundColor": "#fff",
                      "bottom": 0,
                      "left": 0,
                      "position": "absolute",
                      "shadowColor": "#000",
                      "shadowOffset": Object {
                        "height": 1,
                        "width": -1,
                      },
                      "shadowOpacity": 0.3,
                      "shadowRadius": 5,
                      "top": 0,
                      "width": 3,
                    }
                  }
                />
                <View
                  style={
                    Array [
                      Object {
                        "flex": 1,
                        "overflow": "hidden",
                      },
                      Array [
                        Object {
                          "backgroundColor": "rgb(242, 242, 242)",
                        },
                        undefined,
                      ],
                    ]
                  }
                >
                  <View
                    style={
                      Object {
                        "flex": 1,
                        "flexDirection": "column-reverse",
                      }
                    }
                  >
                    <View
                      style={
                        Object {
                          "flex": 1,
                        }
                      }
                    >
                      <View
                        style={
                          Array [
                            Object {},
                          ]
                        }
                      >
                        <View
                          mb={16}
                          mt={10}
                          style={
                            Array [
                              Object {
                                "marginBottom": 16,
                                "marginTop": 10,
                              },
                            ]
                          }
                        >
                          <Text
                            accessibilityLabel="Question Text"
                            color="gray.1"
                            fontFamily="default"
                            fontSize={16}
                            lineHeight={22}
                            style={
                              Array [
                                Object {
                                  "color": "#212121",
                                  "fontFamily": "Arial",
                                  "fontSize": 16,
                                  "lineHeight": 22,
                                },
                              ]
                            }
                          >
                            Question Text
                          </Text>
                        </View>
                        <View
                          style={
                            Array [
                              Object {
                                "height": 100,
                              },
                            ]
                          }
                        >
                          <View
                            accessibilityLabel="Field Label, current selection is empty"
                            accessibilityStates={Array []}
                            accessible={true}
                            focusable={true}
                            isTVSelectable={true}
                            onClick={[Function]}
                            onResponderGrant={[Function]}
                            onResponderMove={[Function]}
                            onResponderRelease={[Function]}
                            onResponderTerminate={[Function]}
                            onResponderTerminationRequest={[Function]}
                            onStartShouldSetResponder={[Function]}
                            style={
                              Object {
                                "opacity": 1,
                              }
                            }
                          >
                            <View
                              hasValue={false}
                              style={
                                Array [
                                  Object {
                                    "borderColor": "#9a9a9a",
                                    "borderRadius": 4,
                                    "borderStyle": "solid",
                                    "borderWidth": 1,
                                    "color": "#646464",
                                    "height": 56,
                                    "justifyContent": "center",
                                    "paddingLeft": 16,
                                    "paddingRight": 30,
                                  },
                                ]
                              }
                            >
                              <Text
                                color="gray.1"
                                fontFamily="default"
                                fontSize={16}
                                lineHeight={22}
                                style={
                                  Array [
                                    Object {
                                      "color": "#646464",
                                      "fontFamily": "Arial",
                                      "fontSize": 16,
                                      "lineHeight": 22,
                                    },
                                  ]
                                }
                              >
                                Field Label
                              </Text>
                              <View
                                style={
                                  Array [
                                    Object {
                                      "display": "flex",
                                      "height": 56,
                                      "justifyContent": "center",
                                      "paddingRight": 10,
                                      "position": "absolute",
                                      "right": 0,
                                      "top": 0,
                                    },
                                  ]
                                }
                              >
                                <View>
                                  <View
                                    replaceTheme={[Function]}
                                    style={
                                      Object {
                                        "alignItems": "center",
                                        "backgroundColor": "transparent",
                                        "justifyContent": "center",
                                      }
                                    }
                                    theme={
                                      Object {
                                        "colors": Object {
                                          "disabled": "hsl(208, 8%, 90%)",
                                          "divider": "#bcbbc1",
                                          "error": "#ff190c",
                                          "grey0": "#393e42",
                                          "grey1": "#43484d",
                                          "grey2": "#5e6977",
                                          "grey3": "#86939e",
                                          "grey4": "#bdc6cf",
                                          "grey5": "#e1e8ee",
                                          "greyOutline": "#bbb",
                                          "platform": Object {
                                            "android": Object {
                                              "error": "#f44336",
                                              "primary": "#2196f3",
                                              "secondary": "#9C27B0",
                                              "success": "#4caf50",
                                              "warning": "#ffeb3b",
                                            },
                                            "ios": Object {
                                              "error": "#ff3b30",
                                              "primary": "#007aff",
                                              "secondary": "#5856d6",
                                              "success": "#4cd964",
                                              "warning": "#ffcc00",
                                            },
                                          },
                                          "primary": "#2089dc",
                                          "searchBg": "#303337",
                                          "secondary": "#8F0CE8",
                                          "success": "#52c41a",
                                          "warning": "#faad14",
                                        },
                                      }
                                    }
                                    underlayColor="white"
                                    updateTheme={[Function]}
                                  >
                                    <Text
                                      allowFontScaling={false}
                                      style={
                                        Array [
                                          Object {
                                            "color": "#646464",
                                            "fontSize": 24,
                                          },
                                          Object {
                                            "backgroundColor": "transparent",
                                          },
                                          Object {
                                            "fontFamily": "Material Icons",
                                            "fontStyle": "normal",
                                            "fontWeight": "normal",
                                          },
                                          Object {},
                                        ]
                                      }
                                      testID="iconIcon"
                                    >
                                      
                                    </Text>
                                  </View>
                                </View>
                              </View>
                            </View>
                          </View>
                        </View>
                      </View>
                    </View>
                  </View>
                </View>
              </View>
            </View>
          </View>
        </View>
      </View>
    </View>
  </RNCSafeAreaView>
</View>
`;
