// Jest Snapshot v1, https://goo.gl/fbAQLP

exports[`ProfileHelpFaqScreen should display correctly when data successfully loads 1`] = `
<View
  style={
    Object {
      "flex": 1,
    }
  }
>
  <RNCSafeAreaView
    onInsetsChange={[Function]}
    style={
      Object {
        "flex": 1,
      }
    }
  >
    <View
      onLayout={[Function]}
      style={
        Object {
          "flex": 1,
          "overflow": "hidden",
        }
      }
    >
      <View
        pointerEvents="box-none"
        style={
          Object {
            "bottom": 0,
            "left": 0,
            "position": "absolute",
            "right": 0,
            "top": 0,
          }
        }
      >
        <View
          accessibilityElementsHidden={false}
          closing={false}
          gestureVelocityImpact={0.3}
          importantForAccessibility="auto"
          onClose={[Function]}
          onGestureBegin={[Function]}
          onGestureCanceled={[Function]}
          onOpen={[Function]}
          onTransitionStart={[Function]}
          pointerEvents="box-none"
          style={
            Object {
              "bottom": 0,
              "left": 0,
              "position": "absolute",
              "right": 0,
              "top": 0,
            }
          }
          transitionSpec={
            Object {
              "close": Object {
                "animation": "spring",
                "config": Object {
                  "damping": 500,
                  "mass": 3,
                  "overshootClamping": true,
                  "restDisplacementThreshold": 0.01,
                  "restSpeedThreshold": 0.01,
                  "stiffness": 1000,
                },
              },
              "open": Object {
                "animation": "spring",
                "config": Object {
                  "damping": 500,
                  "mass": 3,
                  "overshootClamping": true,
                  "restDisplacementThreshold": 0.01,
                  "restSpeedThreshold": 0.01,
                  "stiffness": 1000,
                },
              },
            }
          }
        >
          <View
            pointerEvents="box-none"
            style={
              Object {
                "flex": 1,
              }
            }
          >
            <View
              enabled={false}
              hitSlop={
                Object {
                  "right": -700,
                }
              }
              maxDeltaY={20}
              minOffsetX={5}
              onHandlerStateChange={[Function]}
            >
              <View
                style={
                  Object {
                    "flex": 1,
                    "transform": Array [
                      Object {
                        "translateX": 0,
                      },
                      Object {
                        "translateX": 0,
                      },
                    ],
                  }
                }
              >
                <View
                  pointerEvents="none"
                  style={
                    Object {
                      "backgroundColor": "#fff",
                      "bottom": 0,
                      "left": 0,
                      "position": "absolute",
                      "shadowColor": "#000",
                      "shadowOffset": Object {
                        "height": 1,
                        "width": -1,
                      },
                      "shadowOpacity": 0.3,
                      "shadowRadius": 5,
                      "top": 0,
                      "width": 3,
                    }
                  }
                />
                <View
                  style={
                    Array [
                      Object {
                        "flex": 1,
                        "overflow": "hidden",
                      },
                      Array [
                        Object {
                          "backgroundColor": "rgb(242, 242, 242)",
                        },
                        undefined,
                      ],
                    ]
                  }
                >
                  <View
                    style={
                      Object {
                        "flex": 1,
                        "flexDirection": "column-reverse",
                      }
                    }
                  >
                    <View
                      style={
                        Object {
                          "flex": 1,
                        }
                      }
                    >
                      <View
                        bg="gray.7"
                        flex={1}
                        style={
                          Array [
                            Object {
                              "backgroundColor": "#f9f9f9",
                              "flexBasis": 0,
                              "flexGrow": 1,
                              "flexShrink": 1,
                            },
                          ]
                        }
                      >
                        <RCTScrollView>
                          <View>
                            <View
                              flex={1}
                              style={
                                Array [
                                  Object {
                                    "flexBasis": 0,
                                    "flexGrow": 1,
                                    "flexShrink": 1,
                                  },
                                ]
                              }
                            >
                              <View
                                accessibilityLabel="FaqSection1"
                                accessible={true}
                                focusable={true}
                                isTVSelectable={true}
                                onClick={[Function]}
                                onResponderGrant={[Function]}
                                onResponderMove={[Function]}
                                onResponderRelease={[Function]}
                                onResponderTerminate={[Function]}
                                onResponderTerminationRequest={[Function]}
                                onStartShouldSetResponder={[Function]}
                                style={null}
                              >
                                <View
                                  alignItems="center"
                                  flexDirection="row"
                                  px={4}
                                  py={24}
                                  style={
                                    Array [
                                      Object {
                                        "alignItems": "center",
                                        "flexDirection": "row",
                                        "paddingBottom": 24,
                                        "paddingLeft": 32,
                                        "paddingRight": 32,
                                        "paddingTop": 24,
                                      },
                                    ]
                                  }
                                >
                                  <View
                                    flex={1}
                                    style={
                                      Array [
                                        Object {
                                          "flexBasis": 0,
                                          "flexGrow": 1,
                                          "flexShrink": 1,
                                        },
                                      ]
                                    }
                                  >
                                    <Text
                                      color="gray.1"
                                      fontFamily="default"
                                      fontSize={16}
                                      lineHeight={22}
                                      style={
                                        Array [
                                          Object {
                                            "color": "#646464",
                                            "fontFamily": "Arial",
                                            "fontSize": 16,
                                            "lineHeight": 22,
                                          },
                                        ]
                                      }
                                    >
                                      FaqSection1
                                    </Text>
                                  </View>
                                  <View
                                    marginLeft={3}
                                    style={
                                      Array [
                                        Object {
                                          "marginLeft": 16,
                                        },
                                      ]
                                    }
                                  >
                                    <Image
                                      source={
                                        Object {
                                          "testUri": "../../../src/images/chevronRightArrow.png",
                                        }
                                      }
                                      style={
                                        Array [
                                          Object {},
                                        ]
                                      }
                                    />
                                  </View>
                                </View>
                                <View
                                  pl={4}
                                  pr={4}
                                  style={
                                    Array [
                                      Object {
                                        "paddingLeft": 32,
                                        "paddingRight": 32,
                                      },
                                    ]
                                  }
                                >
                                  <View
                                    backgroundColor="gray.5"
                                    height={1}
                                    style={
                                      Array [
                                        Object {
                                          "backgroundColor": "#e3e3e3",
                                          "height": 1,
                                          "width": "100%",
                                        },
                                      ]
                                    }
                                    width="100%"
                                  />
                                </View>
                              </View>
                              <View
                                accessibilityLabel="FaqSection2"
                                accessible={true}
                                focusable={true}
                                isTVSelectable={true}
                                onClick={[Function]}
                                onResponderGrant={[Function]}
                                onResponderMove={[Function]}
                                onResponderRelease={[Function]}
                                onResponderTerminate={[Function]}
                                onResponderTerminationRequest={[Function]}
                                onStartShouldSetResponder={[Function]}
                                style={null}
                              >
                                <View
                                  alignItems="center"
                                  flexDirection="row"
                                  px={4}
                                  py={24}
                                  style={
                                    Array [
                                      Object {
                                        "alignItems": "center",
                                        "flexDirection": "row",
                                        "paddingBottom": 24,
                                        "paddingLeft": 32,
                                        "paddingRight": 32,
                                        "paddingTop": 24,
                                      },
                                    ]
                                  }
                                >
                                  <View
                                    flex={1}
                                    style={
                                      Array [
                                        Object {
                                          "flexBasis": 0,
                                          "flexGrow": 1,
                                          "flexShrink": 1,
                                        },
                                      ]
                                    }
                                  >
                                    <Text
                                      color="gray.1"
                                      fontFamily="default"
                                      fontSize={16}
                                      lineHeight={22}
                                      style={
                                        Array [
                                          Object {
                                            "color": "#646464",
                                            "fontFamily": "Arial",
                                            "fontSize": 16,
                                            "lineHeight": 22,
                                          },
                                        ]
                                      }
                                    >
                                      FaqSection2
                                    </Text>
                                  </View>
                                  <View
                                    marginLeft={3}
                                    style={
                                      Array [
                                        Object {
                                          "marginLeft": 16,
                                        },
                                      ]
                                    }
                                  >
                                    <Image
                                      source={
                                        Object {
                                          "testUri": "../../../src/images/chevronRightArrow.png",
                                        }
                                      }
                                      style={
                                        Array [
                                          Object {},
                                        ]
                                      }
                                    />
                                  </View>
                                </View>
                                <View
                                  pl={4}
                                  pr={4}
                                  style={
                                    Array [
                                      Object {
                                        "paddingLeft": 32,
                                        "paddingRight": 32,
                                      },
                                    ]
                                  }
                                >
                                  <View
                                    backgroundColor="gray.5"
                                    height={1}
                                    style={
                                      Array [
                                        Object {
                                          "backgroundColor": "#e3e3e3",
                                          "height": 1,
                                          "width": "100%",
                                        },
                                      ]
                                    }
                                    width="100%"
                                  />
                                </View>
                              </View>
                            </View>
                          </View>
                        </RCTScrollView>
                      </View>
                    </View>
                  </View>
                </View>
              </View>
            </View>
          </View>
        </View>
      </View>
    </View>
  </RNCSafeAreaView>
</View>
`;
