// Jest Snapshot v1, https://goo.gl/fbAQLP

exports[`ForgotPasswordScreen should render display text, all field inputs and button 1`] = `
<View
  style={
    Object {
      "flex": 1,
    }
  }
>
  <RNCSafeAreaView
    onInsetsChange={[Function]}
    style={
      Object {
        "flex": 1,
      }
    }
  >
    <View
      onLayout={[Function]}
      style={
        Object {
          "flex": 1,
          "overflow": "hidden",
        }
      }
    >
      <View
        pointerEvents="box-none"
        style={
          Object {
            "bottom": 0,
            "left": 0,
            "position": "absolute",
            "right": 0,
            "top": 0,
          }
        }
      >
        <View
          accessibilityElementsHidden={false}
          closing={false}
          gestureVelocityImpact={0.3}
          importantForAccessibility="auto"
          onClose={[Function]}
          onGestureBegin={[Function]}
          onGestureCanceled={[Function]}
          onOpen={[Function]}
          onTransitionStart={[Function]}
          pointerEvents="box-none"
          style={
            Object {
              "bottom": 0,
              "left": 0,
              "position": "absolute",
              "right": 0,
              "top": 0,
            }
          }
          transitionSpec={
            Object {
              "close": Object {
                "animation": "spring",
                "config": Object {
                  "damping": 500,
                  "mass": 3,
                  "overshootClamping": true,
                  "restDisplacementThreshold": 0.01,
                  "restSpeedThreshold": 0.01,
                  "stiffness": 1000,
                },
              },
              "open": Object {
                "animation": "spring",
                "config": Object {
                  "damping": 500,
                  "mass": 3,
                  "overshootClamping": true,
                  "restDisplacementThreshold": 0.01,
                  "restSpeedThreshold": 0.01,
                  "stiffness": 1000,
                },
              },
            }
          }
        >
          <View
            pointerEvents="box-none"
            style={
              Object {
                "flex": 1,
              }
            }
          >
            <View
              enabled={false}
              hitSlop={
                Object {
                  "right": -700,
                }
              }
              maxDeltaY={20}
              minOffsetX={5}
              onHandlerStateChange={[Function]}
            >
              <View
                style={
                  Object {
                    "flex": 1,
                    "transform": Array [
                      Object {
                        "translateX": 0,
                      },
                      Object {
                        "translateX": 0,
                      },
                    ],
                  }
                }
              >
                <View
                  pointerEvents="none"
                  style={
                    Object {
                      "backgroundColor": "#fff",
                      "bottom": 0,
                      "left": 0,
                      "position": "absolute",
                      "shadowColor": "#000",
                      "shadowOffset": Object {
                        "height": 1,
                        "width": -1,
                      },
                      "shadowOpacity": 0.3,
                      "shadowRadius": 5,
                      "top": 0,
                      "width": 3,
                    }
                  }
                />
                <View
                  style={
                    Array [
                      Object {
                        "flex": 1,
                        "overflow": "hidden",
                      },
                      Array [
                        Object {
                          "backgroundColor": "rgb(242, 242, 242)",
                        },
                        undefined,
                      ],
                    ]
                  }
                >
                  <View
                    style={
                      Object {
                        "flex": 1,
                        "flexDirection": "column-reverse",
                      }
                    }
                  >
                    <View
                      style={
                        Object {
                          "flex": 1,
                        }
                      }
                    >
                      <RCTSafeAreaView
                        backgroundColor="#f9f9f9"
                        emulateUnlessSupported={true}
                        height="100%"
                        style={
                          Array [
                            Object {
                              "backgroundColor": "#f9f9f9",
                              "height": "100%",
                            },
                          ]
                        }
                      >
                        <View
                          flex={1}
                          onLayout={[Function]}
                          style={
                            Array [
                              Object {
                                "backgroundColor": "#f9f9f9",
                                "flexBasis": 0,
                                "flexGrow": 1,
                                "flexShrink": 1,
                              },
                            ]
                          }
                        >
                          <RCTScrollView
                            automaticallyAdjustContentInsets={false}
                            contentInset={
                              Object {
                                "bottom": 0,
                              }
                            }
                            enableAutomaticScroll={true}
                            enableOnAndroid={false}
                            enableResetScrollToCoords={true}
                            extraHeight={75}
                            extraScrollHeight={0}
                            getScrollResponder={[Function]}
                            handleOnScroll={[Function]}
                            innerRef={[Function]}
                            keyboardDismissMode="on-drag"
                            keyboardOpeningTime={250}
                            keyboardShouldPersistTaps="handled"
                            keyboardSpace={0}
                            onScroll={[Function]}
                            onScrollBeginDrag={null}
                            resetKeyboardSpace={[Function]}
                            scrollEventThrottle={16}
                            scrollForExtraHeightOnAndroid={[Function]}
                            scrollIndicatorInsets={
                              Object {
                                "right": 1,
                              }
                            }
                            scrollIntoView={[Function]}
                            scrollToEnd={[Function]}
                            scrollToFocusedInput={[Function]}
                            scrollToPosition={[Function]}
                            showsVerticalScrollIndicator={true}
                            update={[Function]}
                            viewIsInsideTabBar={false}
                          >
                            <View>
                              <View
                                mt={4}
                                style={
                                  Array [
                                    Object {
                                      "marginTop": 32,
                                      "paddingBottom": 32,
                                      "paddingLeft": 32,
                                      "paddingRight": 32,
                                      "paddingTop": 32,
                                    },
                                  ]
                                }
                              >
                                <View
                                  pb={2}
                                  style={
                                    Array [
                                      Object {
                                        "paddingBottom": 8,
                                      },
                                    ]
                                  }
                                >
                                  <Text
                                    color="gray.0"
                                    fontFamily="default"
                                    fontSize={26}
                                    fontWeight="light"
                                    letterSpacing={-1.5}
                                    lineHeight={37}
                                    style={
                                      Array [
                                        Object {
                                          "color": "#212121",
                                          "fontFamily": "Arial",
                                          "fontSize": 26,
                                          "fontWeight": "300",
                                          "letterSpacing": -1.5,
                                          "lineHeight": 37,
                                        },
                                      ]
                                    }
                                  >
                                    Forgot your password?
                                  </Text>
                                </View>
                                <View
                                  style={
                                    Array [
                                      Object {},
                                    ]
                                  }
                                >
                                  <Text
                                    color="gray.1"
                                    fontFamily="default"
                                    fontSize={16}
                                    lineHeight={22}
                                    style={
                                      Array [
                                        Object {
                                          "color": "#646464",
                                          "fontFamily": "Arial",
                                          "fontSize": 16,
                                          "lineHeight": 22,
                                        },
                                      ]
                                    }
                                  >
                                    We will email you a link to reset your password. Provide your company ID and email address.
                                  </Text>
                                </View>
                                <View
                                  mt={4}
                                  style={
                                    Array [
                                      Object {
                                        "marginTop": 32,
                                      },
                                    ]
                                  }
                                >
                                  <View
                                    style={
                                      Array [
                                        Object {},
                                      ]
                                    }
                                  >
                                    <View
                                      height={100}
                                      style={
                                        Array [
                                          Object {
                                            "height": 100,
                                          },
                                        ]
                                      }
                                    >
                                      <View
                                        style={
                                          Object {
                                            "paddingHorizontal": 10,
                                            "paddingLeft": 0,
                                            "paddingRight": 0,
                                            "width": "100%",
                                          }
                                        }
                                      >
                                        <View
                                          accessible={true}
                                          focusable={true}
                                          isTVSelectable={true}
                                          onClick={[Function]}
                                          onResponderGrant={[Function]}
                                          onResponderMove={[Function]}
                                          onResponderRelease={[Function]}
                                          onResponderTerminate={[Function]}
                                          onResponderTerminationRequest={[Function]}
                                          onStartShouldSetResponder={[Function]}
                                          style={
                                            Object {
                                              "opacity": 1,
                                              "zIndex": 1000,
                                            }
                                          }
                                        >
                                          <View
                                            style={
                                              Object {
                                                "display": "flex",
                                                "flexDirection": "row",
                                              }
                                            }
                                          >
                                            <Text
                                              style={
                                                Object {
                                                  "backgroundColor": "#f9f9f9",
                                                  "borderRadius": 4,
                                                  "color": "#333333",
                                                  "fontSize": 12,
                                                  "left": 16,
                                                  "paddingLeft": 3,
                                                  "paddingRight": 3,
                                                  "top": -7,
                                                }
                                              }
                                            >
                                              Company name
                                            </Text>
                                          </View>
                                        </View>
                                        <View
                                          style={
                                            Object {
                                              "alignItems": "center",
                                              "borderBottomWidth": 1,
                                              "borderColor": "#9a9a9a",
                                              "borderRadius": 4,
                                              "borderWidth": 1,
                                              "flexDirection": "row",
                                              "paddingLeft": 16,
                                              "paddingRight": 16,
                                              "position": "absolute",
                                              "transform": Array [
                                                Object {
                                                  "translateX": 0,
                                                },
                                              ],
                                            }
                                          }
                                        >
                                          <TextInput
                                            accessibilityLabel="Company name"
                                            allowFontScaling={true}
                                            autoCapitalize="none"
                                            customStyles={
                                              Object {
                                                "customFocusedLabelStyles": Object {
                                                  "color": "#333333",
                                                },
                                                "customHintStyles": Object {
                                                  "color": "#333333",
                                                },
                                                "customLabelStyles": Object {
                                                  "color": "#333333",
                                                },
                                              }
                                            }
                                            hint="As provided in registration email"
                                            name="clientId"
                                            onBlur={[Function]}
                                            onChangeText={[Function]}
                                            onFocus={[Function]}
                                            onSubmitEditing={[Function]}
                                            placeholderTextColor="#3c3c434c"
                                            rejectResponderTermination={true}
                                            returnKeyType="next"
                                            secureTextEntry={false}
                                            style={
                                              Object {
                                                "alignSelf": "center",
                                                "color": "black",
                                                "flex": 1,
                                                "fontSize": 18,
                                                "height": 56,
                                                "minHeight": 40,
                                              }
                                            }
                                            testID="clientId"
                                            underlineColorAndroid="transparent"
                                            value="clientIdFromParam"
                                          />
                                        </View>
                                      </View>
                                      <Text
                                        customHintStyles={
                                          Object {
                                            "color": "#333333",
                                          }
                                        }
                                        focused={false}
                                        style={
                                          Array [
                                            Object {
                                              "color": "#333333",
                                              "fontSize": 12,
                                              "left": 16,
                                              "marginBottom": 4,
                                              "marginLeft": 4,
                                              "marginRight": 4,
                                              "marginTop": 4,
                                              "position": "absolute",
                                              "top": 60,
                                            },
                                          ]
                                        }
                                      >
                                        As provided in registration email
                                      </Text>
                                    </View>
                                  </View>
                                  <View
                                    style={
                                      Array [
                                        Object {},
                                      ]
                                    }
                                  >
                                    <View
                                      height={100}
                                      style={
                                        Array [
                                          Object {
                                            "height": 100,
                                          },
                                        ]
                                      }
                                    >
                                      <View
                                        style={
                                          Object {
                                            "paddingHorizontal": 10,
                                            "paddingLeft": 0,
                                            "paddingRight": 0,
                                            "width": "100%",
                                          }
                                        }
                                      >
                                        <View
                                          accessible={true}
                                          focusable={true}
                                          isTVSelectable={true}
                                          onClick={[Function]}
                                          onResponderGrant={[Function]}
                                          onResponderMove={[Function]}
                                          onResponderRelease={[Function]}
                                          onResponderTerminate={[Function]}
                                          onResponderTerminationRequest={[Function]}
                                          onStartShouldSetResponder={[Function]}
                                          style={
                                            Object {
                                              "opacity": 1,
                                              "zIndex": 1000,
                                            }
                                          }
                                        >
                                          <View
                                            style={
                                              Object {
                                                "display": "flex",
                                                "flexDirection": "row",
                                              }
                                            }
                                          >
                                            <Text
                                              style={
                                                Object {
                                                  "backgroundColor": "#f9f9f9",
                                                  "borderRadius": 4,
                                                  "color": "#333333",
                                                  "fontSize": 12,
                                                  "left": 16,
                                                  "paddingLeft": 3,
                                                  "paddingRight": 3,
                                                  "top": -7,
                                                }
                                              }
                                            >
                                              Email address
                                            </Text>
                                          </View>
                                        </View>
                                        <View
                                          style={
                                            Object {
                                              "alignItems": "center",
                                              "borderBottomWidth": 1,
                                              "borderColor": "#9a9a9a",
                                              "borderRadius": 4,
                                              "borderWidth": 1,
                                              "flexDirection": "row",
                                              "paddingLeft": 16,
                                              "paddingRight": 16,
                                              "position": "absolute",
                                              "transform": Array [
                                                Object {
                                                  "translateX": 0,
                                                },
                                              ],
                                            }
                                          }
                                        >
                                          <TextInput
                                            accessibilityLabel="Email address"
                                            allowFontScaling={true}
                                            autoCapitalize="none"
                                            customStyles={
                                              Object {
                                                "customFocusedLabelStyles": Object {
                                                  "color": "#333333",
                                                },
                                                "customHintStyles": Object {
                                                  "color": "#333333",
                                                },
                                                "customLabelStyles": Object {
                                                  "color": "#333333",
                                                },
                                              }
                                            }
                                            keyboardType="email-address"
                                            name="username"
                                            onBlur={[Function]}
                                            onChangeText={[Function]}
                                            onFocus={[Function]}
                                            placeholderTextColor="#3c3c434c"
                                            rejectResponderTermination={true}
                                            returnKeyType="next"
                                            secureTextEntry={false}
                                            style={
                                              Object {
                                                "alignSelf": "center",
                                                "color": "black",
                                                "flex": 1,
                                                "fontSize": 18,
                                                "height": 56,
                                                "minHeight": 40,
                                              }
                                            }
                                            testID="username"
                                            underlineColorAndroid="transparent"
                                            value="b@c.com"
                                          />
                                        </View>
                                      </View>
                                      <Text
                                        customHintStyles={
                                          Object {
                                            "color": "#333333",
                                          }
                                        }
                                        focused={false}
                                        style={
                                          Array [
                                            Object {
                                              "color": "#333333",
                                              "fontSize": 12,
                                              "left": 16,
                                              "marginBottom": 4,
                                              "marginLeft": 4,
                                              "marginRight": 4,
                                              "marginTop": 4,
                                              "position": "absolute",
                                              "top": 60,
                                            },
                                          ]
                                        }
                                      />
                                    </View>
                                  </View>
                                  <View
                                    style={
                                      Array [
                                        Object {},
                                      ]
                                    }
                                  >
                                    <View
                                      style={
                                        Object {
                                          "borderRadius": 3,
                                        }
                                      }
                                    >
                                      <View
                                        accessibilityLabel="Reset password"
                                        accessible={true}
                                        focusable={true}
                                        isTVSelectable={true}
                                        onClick={[Function]}
                                        onResponderGrant={[Function]}
                                        onResponderMove={[Function]}
                                        onResponderRelease={[Function]}
                                        onResponderTerminate={[Function]}
                                        onResponderTerminationRequest={[Function]}
                                        onStartShouldSetResponder={[Function]}
                                        style={
                                          Object {
                                            "opacity": 1,
                                          }
                                        }
                                      >
                                        <View
                                          style={
                                            Object {
                                              "alignItems": "center",
                                              "backgroundColor": "#DB0011",
                                              "borderColor": "#2089dc",
                                              "borderRadius": 3,
                                              "borderWidth": 0,
                                              "flexDirection": "row",
                                              "height": 48,
                                              "justifyContent": "center",
                                              "padding": 8,
                                            }
                                          }
                                        >
                                          <Text
                                            style={
                                              Object {
                                                "color": "white",
                                                "fontFamily": "Arial",
                                                "fontSize": 16,
                                                "lineHeight": 20,
                                                "paddingBottom": 1,
                                                "paddingTop": 2,
                                                "textAlign": "center",
                                              }
                                            }
                                          >
                                            Reset password
                                          </Text>
                                        </View>
                                      </View>
                                    </View>
                                  </View>
                                </View>
                              </View>
                            </View>
                          </RCTScrollView>
                        </View>
                      </RCTSafeAreaView>
                    </View>
                  </View>
                </View>
              </View>
            </View>
          </View>
        </View>
      </View>
    </View>
  </RNCSafeAreaView>
</View>
`;
