// Jest Snapshot v1, https://goo.gl/fbAQLP

exports[`ProductRecommendationError should match snapshot 1`] = `
<View
  style={
    Object {
      "flex": 1,
    }
  }
>
  <RNCSafeAreaView
    onInsetsChange={[Function]}
    style={
      Object {
        "flex": 1,
      }
    }
  >
    <View
      onLayout={[Function]}
      style={
        Object {
          "flex": 1,
          "overflow": "hidden",
        }
      }
    >
      <View
        pointerEvents="box-none"
        style={
          Object {
            "bottom": 0,
            "left": 0,
            "position": "absolute",
            "right": 0,
            "top": 0,
          }
        }
      >
        <View
          accessibilityElementsHidden={false}
          closing={false}
          gestureVelocityImpact={0.3}
          importantForAccessibility="auto"
          onClose={[Function]}
          onGestureBegin={[Function]}
          onGestureCanceled={[Function]}
          onOpen={[Function]}
          onTransitionStart={[Function]}
          pointerEvents="box-none"
          style={
            Object {
              "bottom": 0,
              "left": 0,
              "position": "absolute",
              "right": 0,
              "top": 0,
            }
          }
          transitionSpec={
            Object {
              "close": Object {
                "animation": "spring",
                "config": Object {
                  "damping": 500,
                  "mass": 3,
                  "overshootClamping": true,
                  "restDisplacementThreshold": 0.01,
                  "restSpeedThreshold": 0.01,
                  "stiffness": 1000,
                },
              },
              "open": Object {
                "animation": "spring",
                "config": Object {
                  "damping": 500,
                  "mass": 3,
                  "overshootClamping": true,
                  "restDisplacementThreshold": 0.01,
                  "restSpeedThreshold": 0.01,
                  "stiffness": 1000,
                },
              },
            }
          }
        >
          <View
            pointerEvents="box-none"
            style={
              Object {
                "flex": 1,
              }
            }
          >
            <View
              enabled={false}
              hitSlop={
                Object {
                  "right": -700,
                }
              }
              maxDeltaY={20}
              minOffsetX={5}
              onHandlerStateChange={[Function]}
            >
              <View
                style={
                  Object {
                    "flex": 1,
                    "transform": Array [
                      Object {
                        "translateX": 0,
                      },
                      Object {
                        "translateX": 0,
                      },
                    ],
                  }
                }
              >
                <View
                  pointerEvents="none"
                  style={
                    Object {
                      "backgroundColor": "#fff",
                      "bottom": 0,
                      "left": 0,
                      "position": "absolute",
                      "shadowColor": "#000",
                      "shadowOffset": Object {
                        "height": 1,
                        "width": -1,
                      },
                      "shadowOpacity": 0.3,
                      "shadowRadius": 5,
                      "top": 0,
                      "width": 3,
                    }
                  }
                />
                <View
                  style={
                    Array [
                      Object {
                        "flex": 1,
                        "overflow": "hidden",
                      },
                      Array [
                        Object {
                          "backgroundColor": "rgb(242, 242, 242)",
                        },
                        undefined,
                      ],
                    ]
                  }
                >
                  <View
                    style={
                      Object {
                        "flex": 1,
                        "flexDirection": "column-reverse",
                      }
                    }
                  >
                    <View
                      style={
                        Object {
                          "flex": 1,
                        }
                      }
                    >
                      <View
                        mb={16}
                        style={
                          Array [
                            Object {
                              "marginBottom": 16,
                            },
                          ]
                        }
                      >
                        <Text
                          accessibilityLabel="some-title"
                          accessible={true}
                          color="gray.0"
                          fontFamily="default"
                          fontSize={16}
                          fontWeight="bold"
                          lineHeight={22}
                          style={
                            Array [
                              Object {
                                "color": "#212121",
                                "fontFamily": "Arial",
                                "fontSize": 16,
                                "fontWeight": "700",
                                "lineHeight": 22,
                              },
                            ]
                          }
                        >
                          some-title
                        </Text>
                      </View>
                      <View
                        alignItems="center"
                        color="#ffffff"
                        height={368}
                        justifyContent="center"
                        style={
                          Array [
                            Object {
                              "alignItems": "center",
                              "backgroundColor": "#ffffff",
                              "borderRadius": 4,
                              "borderTopColor": "#ffffff",
                              "borderTopWidth": 4,
                              "display": "flex",
                              "height": 368,
                              "justifyContent": "center",
                              "paddingBottom": 40,
                              "paddingLeft": 24,
                              "paddingRight": 24,
                              "paddingTop": 28,
                              "shadowColor": "#000",
                              "shadowOffset": Object {
                                "height": 2,
                                "width": 0,
                              },
                              "shadowOpacity": 0.05,
                              "shadowRadius": 3,
                            },
                          ]
                        }
                      >
                        <Text
                          accessibilityLabel="Unable to show product suggestions."
                          accessible={true}
                          color="gray.8"
                          fontFamily="default"
                          fontSize={14}
                          letterSpacing={0.3}
                          lineHeight={22}
                          style={
                            Array [
                              Object {
                                "color": "#666666",
                                "fontFamily": "Arial",
                                "fontSize": 14,
                                "letterSpacing": 0.3,
                                "lineHeight": 22,
                                "textAlign": "center",
                              },
                            ]
                          }
                          textAlign="center"
                        >
                          Unable to show product suggestions.
                        </Text>
                        <Text
                          accessibilityLabel="Try again later."
                          accessible={true}
                          color="gray.8"
                          fontFamily="default"
                          fontSize={14}
                          letterSpacing={0.3}
                          lineHeight={22}
                          style={
                            Array [
                              Object {
                                "color": "#666666",
                                "fontFamily": "Arial",
                                "fontSize": 14,
                                "letterSpacing": 0.3,
                                "lineHeight": 22,
                                "textAlign": "center",
                              },
                            ]
                          }
                          textAlign="center"
                        >
                          Try again later.
                        </Text>
                      </View>
                    </View>
                  </View>
                </View>
              </View>
            </View>
          </View>
        </View>
      </View>
    </View>
  </RNCSafeAreaView>
</View>
`;
