// Jest Snapshot v1, https://goo.gl/fbAQLP

exports[`ClinicListing Render Clinic Listing 1`] = `
<View
  style={
    Object {
      "flex": 1,
    }
  }
>
  <RNCSafeAreaView
    onInsetsChange={[Function]}
    style={
      Object {
        "flex": 1,
      }
    }
  >
    <View
      onLayout={[Function]}
      style={
        Object {
          "flex": 1,
          "overflow": "hidden",
        }
      }
    >
      <View
        pointerEvents="box-none"
        style={
          Object {
            "bottom": 0,
            "left": 0,
            "position": "absolute",
            "right": 0,
            "top": 0,
          }
        }
      >
        <View
          accessibilityElementsHidden={false}
          closing={false}
          gestureVelocityImpact={0.3}
          importantForAccessibility="auto"
          onClose={[Function]}
          onGestureBegin={[Function]}
          onGestureCanceled={[Function]}
          onOpen={[Function]}
          onTransitionStart={[Function]}
          pointerEvents="box-none"
          style={
            Object {
              "bottom": 0,
              "left": 0,
              "position": "absolute",
              "right": 0,
              "top": 0,
            }
          }
          transitionSpec={
            Object {
              "close": Object {
                "animation": "spring",
                "config": Object {
                  "damping": 500,
                  "mass": 3,
                  "overshootClamping": true,
                  "restDisplacementThreshold": 0.01,
                  "restSpeedThreshold": 0.01,
                  "stiffness": 1000,
                },
              },
              "open": Object {
                "animation": "spring",
                "config": Object {
                  "damping": 500,
                  "mass": 3,
                  "overshootClamping": true,
                  "restDisplacementThreshold": 0.01,
                  "restSpeedThreshold": 0.01,
                  "stiffness": 1000,
                },
              },
            }
          }
        >
          <View
            pointerEvents="box-none"
            style={
              Object {
                "flex": 1,
              }
            }
          >
            <View
              enabled={false}
              hitSlop={
                Object {
                  "right": -700,
                }
              }
              maxDeltaY={20}
              minOffsetX={5}
              onHandlerStateChange={[Function]}
            >
              <View
                style={
                  Object {
                    "flex": 1,
                    "transform": Array [
                      Object {
                        "translateX": 0,
                      },
                      Object {
                        "translateX": 0,
                      },
                    ],
                  }
                }
              >
                <View
                  pointerEvents="none"
                  style={
                    Object {
                      "backgroundColor": "#fff",
                      "bottom": 0,
                      "left": 0,
                      "position": "absolute",
                      "shadowColor": "#000",
                      "shadowOffset": Object {
                        "height": 1,
                        "width": -1,
                      },
                      "shadowOpacity": 0.3,
                      "shadowRadius": 5,
                      "top": 0,
                      "width": 3,
                    }
                  }
                />
                <View
                  style={
                    Array [
                      Object {
                        "flex": 1,
                        "overflow": "hidden",
                      },
                      Array [
                        Object {
                          "backgroundColor": "rgb(242, 242, 242)",
                        },
                        undefined,
                      ],
                    ]
                  }
                >
                  <View
                    style={
                      Object {
                        "flex": 1,
                        "flexDirection": "column-reverse",
                      }
                    }
                  >
                    <View
                      style={
                        Object {
                          "flex": 1,
                        }
                      }
                    >
                      <View
                        flex={1}
                        style={
                          Array [
                            Object {
                              "flexBasis": 0,
                              "flexGrow": 1,
                              "flexShrink": 1,
                            },
                          ]
                        }
                      >
                        <RCTScrollView
                          contentContainerStyle={
                            Array [
                              Object {
                                "flex": 1,
                                "justifyContent": "center",
                              },
                              Object {},
                            ]
                          }
                        >
                          <View>
                            <View
                              alignItems="center"
                              display="flex"
                              p={4}
                              style={
                                Array [
                                  Object {
                                    "alignItems": "center",
                                    "display": "flex",
                                    "paddingBottom": 32,
                                    "paddingLeft": 32,
                                    "paddingRight": 32,
                                    "paddingTop": 32,
                                  },
                                ]
                              }
                            >
                              <View
                                style={
                                  Array [
                                    Object {},
                                  ]
                                }
                              >
                                <Image
                                  source={
                                    Object {
                                      "testUri": "../../@cxa-rn/components/src/ErrorPanel/images/errorPanel.png",
                                    }
                                  }
                                  style={
                                    Array [
                                      Object {},
                                    ]
                                  }
                                />
                              </View>
                              <View
                                mt={4}
                                style={
                                  Array [
                                    Object {
                                      "marginTop": 32,
                                    },
                                  ]
                                }
                              >
                                <View
                                  style={
                                    Array [
                                      Object {},
                                    ]
                                  }
                                >
                                  <Text
                                    color="gray.0"
                                    fontFamily="default"
                                    fontSize={26}
                                    fontWeight="light"
                                    letterSpacing={-1.5}
                                    lineHeight={37}
                                    style={
                                      Array [
                                        Object {
                                          "color": "#212121",
                                          "fontFamily": "Arial",
                                          "fontSize": 26,
                                          "fontWeight": "300",
                                          "letterSpacing": -1.5,
                                          "lineHeight": 37,
                                          "textAlign": "center",
                                        },
                                      ]
                                    }
                                    textAlign="center"
                                  >
                                    No clinics available
                                  </Text>
                                </View>
                                <View
                                  mt={3}
                                  style={
                                    Array [
                                      Object {
                                        "marginTop": 16,
                                      },
                                    ]
                                  }
                                >
                                  <Text
                                    color="gray.1"
                                    fontFamily="default"
                                    fontSize={16}
                                    lineHeight={22}
                                    style={
                                      Array [
                                        Object {
                                          "color": "#646464",
                                          "fontFamily": "Arial",
                                          "fontSize": 16,
                                          "lineHeight": 22,
                                          "textAlign": "center",
                                        },
                                      ]
                                    }
                                    textAlign="center"
                                  >
                                    There are no clinics matching your search criteria.
                                  </Text>
                                </View>
                              </View>
                            </View>
                          </View>
                        </RCTScrollView>
                      </View>
                    </View>
                  </View>
                </View>
              </View>
            </View>
          </View>
        </View>
      </View>
    </View>
  </RNCSafeAreaView>
</View>
`;
