// Jest Snapshot v1, https://goo.gl/fbAQLP

exports[`MultipleClinicsListView should render snapshot 1`] = `
<View
  style={
    Object {
      "flex": 1,
    }
  }
>
  <RNCSafeAreaView
    onInsetsChange={[Function]}
    style={
      Object {
        "flex": 1,
      }
    }
  >
    <View
      onLayout={[Function]}
      style={
        Object {
          "flex": 1,
          "overflow": "hidden",
        }
      }
    >
      <View
        pointerEvents="box-none"
        style={
          Object {
            "bottom": 0,
            "left": 0,
            "position": "absolute",
            "right": 0,
            "top": 0,
          }
        }
      >
        <View
          accessibilityElementsHidden={false}
          closing={false}
          gestureVelocityImpact={0.3}
          importantForAccessibility="auto"
          onClose={[Function]}
          onGestureBegin={[Function]}
          onGestureCanceled={[Function]}
          onOpen={[Function]}
          onTransitionStart={[Function]}
          pointerEvents="box-none"
          style={
            Object {
              "bottom": 0,
              "left": 0,
              "position": "absolute",
              "right": 0,
              "top": 0,
            }
          }
          transitionSpec={
            Object {
              "close": Object {
                "animation": "spring",
                "config": Object {
                  "damping": 500,
                  "mass": 3,
                  "overshootClamping": true,
                  "restDisplacementThreshold": 0.01,
                  "restSpeedThreshold": 0.01,
                  "stiffness": 1000,
                },
              },
              "open": Object {
                "animation": "spring",
                "config": Object {
                  "damping": 500,
                  "mass": 3,
                  "overshootClamping": true,
                  "restDisplacementThreshold": 0.01,
                  "restSpeedThreshold": 0.01,
                  "stiffness": 1000,
                },
              },
            }
          }
        >
          <View
            pointerEvents="box-none"
            style={
              Object {
                "flex": 1,
              }
            }
          >
            <View
              enabled={false}
              hitSlop={
                Object {
                  "right": -700,
                }
              }
              maxDeltaY={20}
              minOffsetX={5}
              onHandlerStateChange={[Function]}
            >
              <View
                style={
                  Object {
                    "flex": 1,
                    "transform": Array [
                      Object {
                        "translateX": 0,
                      },
                      Object {
                        "translateX": 0,
                      },
                    ],
                  }
                }
              >
                <View
                  pointerEvents="none"
                  style={
                    Object {
                      "backgroundColor": "#fff",
                      "bottom": 0,
                      "left": 0,
                      "position": "absolute",
                      "shadowColor": "#000",
                      "shadowOffset": Object {
                        "height": 1,
                        "width": -1,
                      },
                      "shadowOpacity": 0.3,
                      "shadowRadius": 5,
                      "top": 0,
                      "width": 3,
                    }
                  }
                />
                <View
                  style={
                    Array [
                      Object {
                        "flex": 1,
                        "overflow": "hidden",
                      },
                      Array [
                        Object {
                          "backgroundColor": "rgb(242, 242, 242)",
                        },
                        undefined,
                      ],
                    ]
                  }
                >
                  <View
                    style={
                      Object {
                        "flex": 1,
                        "flexDirection": "column-reverse",
                      }
                    }
                  >
                    <View
                      style={
                        Object {
                          "flex": 1,
                        }
                      }
                    >
                      <RCTScrollView
                        data={
                          Array [
                            Object {
                              "name": "Dr Abc",
                              "specialty": "General",
                            },
                            Object {
                              "name": "Dr efg",
                              "specialty": "Dentistry",
                            },
                          ]
                        }
                        disableVirtualization={false}
                        getItem={[Function]}
                        getItemCount={[Function]}
                        horizontal={false}
                        initialNumToRender={100}
                        keyExtractor={[Function]}
                        maxToRenderPerBatch={10}
                        numColumns={1}
                        onContentSizeChange={[Function]}
                        onEndReachedThreshold={0.5}
                        onLayout={[Function]}
                        onMomentumScrollEnd={[Function]}
                        onScroll={[Function]}
                        onScrollBeginDrag={[Function]}
                        onScrollEndDrag={[Function]}
                        removeClippedSubviews={false}
                        renderItem={[Function]}
                        scrollEventThrottle={50}
                        stickyHeaderIndices={Array []}
                        updateCellsBatchingPeriod={50}
                        viewabilityConfigCallbackPairs={Array []}
                        windowSize={21}
                      >
                        <View>
                          <View
                            onLayout={[Function]}
                            style={null}
                          >
                            <View
                              accessibilityLabel="Dr Abc"
                              accessible={true}
                              focusable={true}
                              isTVSelectable={true}
                              onClick={[Function]}
                              onResponderGrant={[Function]}
                              onResponderMove={[Function]}
                              onResponderRelease={[Function]}
                              onResponderTerminate={[Function]}
                              onResponderTerminationRequest={[Function]}
                              onStartShouldSetResponder={[Function]}
                              style={null}
                            >
                              <View
                                alignItems="center"
                                flexDirection="row"
                                px={4}
                                py={24}
                                style={
                                  Array [
                                    Object {
                                      "alignItems": "center",
                                      "flexDirection": "row",
                                      "paddingBottom": 24,
                                      "paddingLeft": 32,
                                      "paddingRight": 32,
                                      "paddingTop": 24,
                                    },
                                  ]
                                }
                              >
                                <View
                                  flex={1}
                                  style={
                                    Array [
                                      Object {
                                        "flexBasis": 0,
                                        "flexGrow": 1,
                                        "flexShrink": 1,
                                      },
                                    ]
                                  }
                                >
                                  <Text
                                    color="gray.1"
                                    fontFamily="default"
                                    fontSize={16}
                                    fontWeight="bold"
                                    lineHeight={22}
                                    style={
                                      Array [
                                        Object {
                                          "color": "#646464",
                                          "fontFamily": "Arial",
                                          "fontSize": 16,
                                          "fontWeight": "700",
                                          "lineHeight": 22,
                                        },
                                      ]
                                    }
                                  >
                                    Dr Abc
                                  </Text>
                                  <Text
                                    color="gray.1"
                                    fontFamily="default"
                                    fontSize={16}
                                    lineHeight={22}
                                    style={
                                      Array [
                                        Object {
                                          "color": "#646464",
                                          "fontFamily": "Arial",
                                          "fontSize": 16,
                                          "lineHeight": 22,
                                        },
                                        Object {
                                          "textTransform": "capitalize",
                                        },
                                      ]
                                    }
                                  >
                                    General
                                  </Text>
                                </View>
                                <View
                                  marginLeft={3}
                                  style={
                                    Array [
                                      Object {
                                        "marginLeft": 16,
                                      },
                                    ]
                                  }
                                >
                                  <Image
                                    size={30}
                                    source={
                                      Object {
                                        "testUri": "../../../src/components/commons/ListItemWithRightChevron/images/angleRight.png",
                                      }
                                    }
                                    style={
                                      Array [
                                        Object {
                                          "height": 30,
                                          "width": 30,
                                        },
                                      ]
                                    }
                                  />
                                </View>
                              </View>
                              <View
                                pl={4}
                                pr={4}
                                style={
                                  Array [
                                    Object {
                                      "paddingLeft": 32,
                                      "paddingRight": 32,
                                    },
                                  ]
                                }
                              >
                                <View
                                  backgroundColor="gray.5"
                                  height={1}
                                  style={
                                    Array [
                                      Object {
                                        "backgroundColor": "#e3e3e3",
                                        "height": 1,
                                        "width": "100%",
                                      },
                                    ]
                                  }
                                  width="100%"
                                />
                              </View>
                            </View>
                          </View>
                          <View
                            onLayout={[Function]}
                            style={null}
                          >
                            <View
                              accessibilityLabel="Dr efg"
                              accessible={true}
                              focusable={true}
                              isTVSelectable={true}
                              onClick={[Function]}
                              onResponderGrant={[Function]}
                              onResponderMove={[Function]}
                              onResponderRelease={[Function]}
                              onResponderTerminate={[Function]}
                              onResponderTerminationRequest={[Function]}
                              onStartShouldSetResponder={[Function]}
                              style={null}
                            >
                              <View
                                alignItems="center"
                                flexDirection="row"
                                px={4}
                                py={24}
                                style={
                                  Array [
                                    Object {
                                      "alignItems": "center",
                                      "flexDirection": "row",
                                      "paddingBottom": 24,
                                      "paddingLeft": 32,
                                      "paddingRight": 32,
                                      "paddingTop": 24,
                                    },
                                  ]
                                }
                              >
                                <View
                                  flex={1}
                                  style={
                                    Array [
                                      Object {
                                        "flexBasis": 0,
                                        "flexGrow": 1,
                                        "flexShrink": 1,
                                      },
                                    ]
                                  }
                                >
                                  <Text
                                    color="gray.1"
                                    fontFamily="default"
                                    fontSize={16}
                                    fontWeight="bold"
                                    lineHeight={22}
                                    style={
                                      Array [
                                        Object {
                                          "color": "#646464",
                                          "fontFamily": "Arial",
                                          "fontSize": 16,
                                          "fontWeight": "700",
                                          "lineHeight": 22,
                                        },
                                      ]
                                    }
                                  >
                                    Dr efg
                                  </Text>
                                  <Text
                                    color="gray.1"
                                    fontFamily="default"
                                    fontSize={16}
                                    lineHeight={22}
                                    style={
                                      Array [
                                        Object {
                                          "color": "#646464",
                                          "fontFamily": "Arial",
                                          "fontSize": 16,
                                          "lineHeight": 22,
                                        },
                                        Object {
                                          "textTransform": "capitalize",
                                        },
                                      ]
                                    }
                                  >
                                    Dentistry
                                  </Text>
                                </View>
                                <View
                                  marginLeft={3}
                                  style={
                                    Array [
                                      Object {
                                        "marginLeft": 16,
                                      },
                                    ]
                                  }
                                >
                                  <Image
                                    size={30}
                                    source={
                                      Object {
                                        "testUri": "../../../src/components/commons/ListItemWithRightChevron/images/angleRight.png",
                                      }
                                    }
                                    style={
                                      Array [
                                        Object {
                                          "height": 30,
                                          "width": 30,
                                        },
                                      ]
                                    }
                                  />
                                </View>
                              </View>
                              <View
                                pl={4}
                                pr={4}
                                style={
                                  Array [
                                    Object {
                                      "paddingLeft": 32,
                                      "paddingRight": 32,
                                    },
                                  ]
                                }
                              >
                                <View
                                  backgroundColor="gray.5"
                                  height={1}
                                  style={
                                    Array [
                                      Object {
                                        "backgroundColor": "#e3e3e3",
                                        "height": 1,
                                        "width": "100%",
                                      },
                                    ]
                                  }
                                  width="100%"
                                />
                              </View>
                            </View>
                          </View>
                        </View>
                      </RCTScrollView>
                    </View>
                  </View>
                </View>
              </View>
            </View>
          </View>
        </View>
      </View>
    </View>
  </RNCSafeAreaView>
</View>
`;
