// Jest Snapshot v1, https://goo.gl/fbAQLP

exports[`LifestyleResultsCard should render snapshot 1`] = `
<View
  style={
    Object {
      "flex": 1,
    }
  }
>
  <RNCSafeAreaView
    onInsetsChange={[Function]}
    style={
      Object {
        "flex": 1,
      }
    }
  >
    <View
      onLayout={[Function]}
      style={
        Object {
          "flex": 1,
          "overflow": "hidden",
        }
      }
    >
      <View
        pointerEvents="box-none"
        style={
          Object {
            "bottom": 0,
            "left": 0,
            "position": "absolute",
            "right": 0,
            "top": 0,
          }
        }
      >
        <View
          accessibilityElementsHidden={false}
          closing={false}
          gestureVelocityImpact={0.3}
          importantForAccessibility="auto"
          onClose={[Function]}
          onGestureBegin={[Function]}
          onGestureCanceled={[Function]}
          onOpen={[Function]}
          onTransitionStart={[Function]}
          pointerEvents="box-none"
          style={
            Object {
              "bottom": 0,
              "left": 0,
              "position": "absolute",
              "right": 0,
              "top": 0,
            }
          }
          transitionSpec={
            Object {
              "close": Object {
                "animation": "spring",
                "config": Object {
                  "damping": 500,
                  "mass": 3,
                  "overshootClamping": true,
                  "restDisplacementThreshold": 0.01,
                  "restSpeedThreshold": 0.01,
                  "stiffness": 1000,
                },
              },
              "open": Object {
                "animation": "spring",
                "config": Object {
                  "damping": 500,
                  "mass": 3,
                  "overshootClamping": true,
                  "restDisplacementThreshold": 0.01,
                  "restSpeedThreshold": 0.01,
                  "stiffness": 1000,
                },
              },
            }
          }
        >
          <View
            pointerEvents="box-none"
            style={
              Object {
                "flex": 1,
              }
            }
          >
            <View
              enabled={false}
              hitSlop={
                Object {
                  "right": -700,
                }
              }
              maxDeltaY={20}
              minOffsetX={5}
              onHandlerStateChange={[Function]}
            >
              <View
                style={
                  Object {
                    "flex": 1,
                    "transform": Array [
                      Object {
                        "translateX": 0,
                      },
                      Object {
                        "translateX": 0,
                      },
                    ],
                  }
                }
              >
                <View
                  pointerEvents="none"
                  style={
                    Object {
                      "backgroundColor": "#fff",
                      "bottom": 0,
                      "left": 0,
                      "position": "absolute",
                      "shadowColor": "#000",
                      "shadowOffset": Object {
                        "height": 1,
                        "width": -1,
                      },
                      "shadowOpacity": 0.3,
                      "shadowRadius": 5,
                      "top": 0,
                      "width": 3,
                    }
                  }
                />
                <View
                  style={
                    Array [
                      Object {
                        "flex": 1,
                        "overflow": "hidden",
                      },
                      Array [
                        Object {
                          "backgroundColor": "rgb(242, 242, 242)",
                        },
                        undefined,
                      ],
                    ]
                  }
                >
                  <View
                    style={
                      Object {
                        "flex": 1,
                        "flexDirection": "column-reverse",
                      }
                    }
                  >
                    <View
                      style={
                        Object {
                          "flex": 1,
                        }
                      }
                    >
                      <View
                        accessibilityRole="button"
                        accessible={true}
                        focusable={true}
                        isTVSelectable={true}
                        onClick={[Function]}
                        onResponderGrant={[Function]}
                        onResponderMove={[Function]}
                        onResponderRelease={[Function]}
                        onResponderTerminate={[Function]}
                        onResponderTerminationRequest={[Function]}
                        onStartShouldSetResponder={[Function]}
                        style={
                          Array [
                            Object {
                              "backgroundColor": "#ffffff",
                              "borderRadius": 4,
                              "borderTopColor": "red",
                              "borderTopWidth": 4,
                              "display": "flex",
                              "flexGrow": 1,
                              "paddingTop": 28,
                              "shadowColor": "#000",
                              "shadowOffset": Object {
                                "height": 2,
                                "width": 0,
                              },
                              "shadowOpacity": 0.05,
                              "shadowRadius": 3,
                            },
                          ]
                        }
                      >
                        <View
                          flexDirection="row"
                          flexGrow={1}
                          px={24}
                          style={
                            Array [
                              Object {
                                "display": "flex",
                                "flexDirection": "row",
                                "flexWrap": "wrap",
                                "paddingLeft": 24,
                                "paddingRight": 24,
                              },
                            ]
                          }
                        >
                          <View
                            alignSelf="center"
                            marginRight={30}
                            style={
                              Array [
                                Object {
                                  "alignSelf": "center",
                                  "marginRight": 30,
                                },
                              ]
                            }
                          >
                            <Text
                              accessibilityLabel="10.0"
                              accessible={true}
                              color="#333333"
                              fontFamily="default"
                              fontSize={16}
                              lineHeight={22}
                              style={
                                Array [
                                  Object {
                                    "color": "#333333",
                                    "fontFamily": "Arial",
                                    "fontSize": 32,
                                    "fontWeight": "800",
                                    "letterSpacing": -1.5,
                                    "lineHeight": 37,
                                    "marginRight": 30,
                                    "marginTop": 6,
                                  },
                                ]
                              }
                            >
                              10.0
                            </Text>
                          </View>
                          <View
                            flexDirection="column"
                            flexGrow={1}
                            style={
                              Array [
                                Object {
                                  "display": "flex",
                                  "flexDirection": "column",
                                  "flexWrap": "wrap",
                                },
                              ]
                            }
                          >
                            <Text
                              accessibilityLabel="title"
                              accessible={true}
                              color="gray.1"
                              flexGrow={1}
                              fontFamily="default"
                              fontSize={16}
                              lineHeight={22}
                              style={
                                Array [
                                  Object {
                                    "color": "#212121",
                                    "fontFamily": "Arial",
                                    "fontSize": 16,
                                    "letterSpacing": 0.3,
                                    "lineHeight": 22,
                                  },
                                ]
                              }
                            >
                              title
                            </Text>
                            <Text
                              accessibilityLabel="status"
                              accessible={true}
                              color="gray.1"
                              flexGrow={1}
                              fontFamily="default"
                              fontSize={16}
                              lineHeight={22}
                              style={
                                Array [
                                  Object {
                                    "color": "#212121",
                                    "fontFamily": "Arial",
                                    "fontSize": 16,
                                    "fontWeight": "700",
                                    "letterSpacing": 0.3,
                                    "lineHeight": 22,
                                  },
                                ]
                              }
                            >
                              status
                            </Text>
                          </View>
                          <Text
                            accessibilityLabel="description"
                            accessible={true}
                            color="gray.1"
                            flexGrow={1}
                            fontFamily="default"
                            fontSize={16}
                            lineHeight={22}
                            style={
                              Array [
                                Object {
                                  "color": "#666666",
                                  "fontFamily": "Arial",
                                  "fontSize": 16,
                                  "letterSpacing": 0.3,
                                  "lineHeight": 24,
                                  "paddingBottom": 32,
                                  "paddingTop": 32,
                                },
                              ]
                            }
                          >
                            description
                          </Text>
                        </View>
                        <View
                          flexDirection="column"
                          height={54}
                          style={
                            Array [
                              Object {
                                "display": "flex",
                                "flexDirection": "column",
                                "flexWrap": "wrap",
                                "height": 54,
                              },
                            ]
                          }
                        >
                          <View
                            backgroundColor="gray.5"
                            height={1}
                            style={
                              Array [
                                Object {
                                  "backgroundColor": "#e3e3e3",
                                  "height": 1,
                                  "width": "100%",
                                },
                              ]
                            }
                            width="100%"
                          />
                          <View
                            flexDirection="row"
                            paddingLeft={24}
                            paddingRight={24}
                            paddingTop={16}
                            style={
                              Array [
                                Object {
                                  "display": "flex",
                                  "flexDirection": "row",
                                  "flexWrap": "wrap",
                                  "paddingLeft": 24,
                                  "paddingRight": 24,
                                  "paddingTop": 16,
                                },
                              ]
                            }
                          >
                            <Text
                              color="gray.1"
                              fontFamily="default"
                              fontSize={16}
                              lineHeight={22}
                              style={
                                Array [
                                  Object {
                                    "color": "#333333",
                                    "fontFamily": "Arial",
                                    "fontSize": 16,
                                    "lineHeight": 22,
                                  },
                                ]
                              }
                            >
                              View lifestyle tips
                            </Text>
                          </View>
                        </View>
                      </View>
                    </View>
                  </View>
                </View>
              </View>
            </View>
          </View>
        </View>
      </View>
    </View>
  </RNCSafeAreaView>
</View>
`;
