// Jest Snapshot v1, https://goo.gl/fbAQLP

exports[`LifestyleResultsLoader should match snapshot 1`] = `
<View
  style={
    Object {
      "flex": 1,
    }
  }
>
  <RNCSafeAreaView
    onInsetsChange={[Function]}
    style={
      Object {
        "flex": 1,
      }
    }
  >
    <View
      onLayout={[Function]}
      style={
        Object {
          "flex": 1,
          "overflow": "hidden",
        }
      }
    >
      <View
        pointerEvents="box-none"
        style={
          Object {
            "bottom": 0,
            "left": 0,
            "position": "absolute",
            "right": 0,
            "top": 0,
          }
        }
      >
        <View
          accessibilityElementsHidden={false}
          closing={false}
          gestureVelocityImpact={0.3}
          importantForAccessibility="auto"
          onClose={[Function]}
          onGestureBegin={[Function]}
          onGestureCanceled={[Function]}
          onOpen={[Function]}
          onTransitionStart={[Function]}
          pointerEvents="box-none"
          style={
            Object {
              "bottom": 0,
              "left": 0,
              "position": "absolute",
              "right": 0,
              "top": 0,
            }
          }
          transitionSpec={
            Object {
              "close": Object {
                "animation": "spring",
                "config": Object {
                  "damping": 500,
                  "mass": 3,
                  "overshootClamping": true,
                  "restDisplacementThreshold": 0.01,
                  "restSpeedThreshold": 0.01,
                  "stiffness": 1000,
                },
              },
              "open": Object {
                "animation": "spring",
                "config": Object {
                  "damping": 500,
                  "mass": 3,
                  "overshootClamping": true,
                  "restDisplacementThreshold": 0.01,
                  "restSpeedThreshold": 0.01,
                  "stiffness": 1000,
                },
              },
            }
          }
        >
          <View
            pointerEvents="box-none"
            style={
              Object {
                "flex": 1,
              }
            }
          >
            <View
              enabled={false}
              hitSlop={
                Object {
                  "right": -700,
                }
              }
              maxDeltaY={20}
              minOffsetX={5}
              onHandlerStateChange={[Function]}
            >
              <View
                style={
                  Object {
                    "flex": 1,
                    "transform": Array [
                      Object {
                        "translateX": 0,
                      },
                      Object {
                        "translateX": 0,
                      },
                    ],
                  }
                }
              >
                <View
                  pointerEvents="none"
                  style={
                    Object {
                      "backgroundColor": "#fff",
                      "bottom": 0,
                      "left": 0,
                      "position": "absolute",
                      "shadowColor": "#000",
                      "shadowOffset": Object {
                        "height": 1,
                        "width": -1,
                      },
                      "shadowOpacity": 0.3,
                      "shadowRadius": 5,
                      "top": 0,
                      "width": 3,
                    }
                  }
                />
                <View
                  style={
                    Array [
                      Object {
                        "flex": 1,
                        "overflow": "hidden",
                      },
                      Array [
                        Object {
                          "backgroundColor": "rgb(242, 242, 242)",
                        },
                        undefined,
                      ],
                    ]
                  }
                >
                  <View
                    style={
                      Object {
                        "flex": 1,
                        "flexDirection": "column-reverse",
                      }
                    }
                  >
                    <View
                      style={
                        Object {
                          "flex": 1,
                        }
                      }
                    >
                      <View
                        marginTop={16}
                        style={
                          Array [
                            Object {
                              "marginTop": 16,
                            },
                          ]
                        }
                      >
                        <RCTScrollView
                          actionParams={
                            Object {
                              "action": "Horizontal scroll of my results",
                              "category": "My lifestyle overview",
                            }
                          }
                          activeAnimationOptions={null}
                          activeAnimationType="timing"
                          activeSlideAlignment="center"
                          activeSlideOffset={20}
                          apparitionDelay={0}
                          automaticallyAdjustContentInsets={false}
                          autoplay={false}
                          autoplayDelay={1000}
                          autoplayInterval={3000}
                          callbackOffsetMargin={5}
                          containerCustomStyle={Object {}}
                          contentContainerCustomStyle={Object {}}
                          contentContainerStyle={
                            Array [
                              Object {
                                "paddingLeft": 1.5,
                                "paddingRight": 1.5,
                              },
                              Object {},
                            ]
                          }
                          data={
                            Array [
                              Object {
                                "color": "red",
                                "description": "mock desc",
                                "isValid": true,
                                "score": 20,
                                "status": "mock status",
                                "textColor": "#333333",
                                "title": "mock title",
                              },
                            ]
                          }
                          decelerationRate="fast"
                          directionalLockEnabled={true}
                          disableVirtualization={false}
                          enableMomentum={false}
                          enableSnap={true}
                          firstItem={0}
                          getItem={[Function]}
                          getItemCount={[Function]}
                          hasParallaxImages={false}
                          horizontal={true}
                          inactiveSlideOpacity={1}
                          inactiveSlideScale={1}
                          inactiveSlideShift={0}
                          initialNumToRender={Infinity}
                          invertStickyHeaders={false}
                          inverted={false}
                          itemWidth={0}
                          keyExtractor={[Function]}
                          layout="default"
                          lockScrollTimeoutDuration={1000}
                          lockScrollWhileSnapping={false}
                          loop={false}
                          loopClonesPerSide={3}
                          maxToRenderPerBatch={Infinity}
                          numColumns={1}
                          onContentSizeChange={[Function]}
                          onEndReachedThreshold={2}
                          onLayout={[Function]}
                          onMomentumScrollEnd={[Function]}
                          onResponderRelease={[Function]}
                          onScroll={[Function]}
                          onScrollBeginDrag={[Function]}
                          onScrollEndDrag={[Function]}
                          onSnapToItem={[Function]}
                          onStartShouldSetResponderCapture={[Function]}
                          onTouchEnd={[Function]}
                          onTouchStart={[Function]}
                          overScrollMode="never"
                          pinchGestureEnabled={false}
                          removeClippedSubviews={true}
                          renderItem={[Function]}
                          scrollEnabled={true}
                          scrollEventThrottle={1}
                          scrollsToTop={false}
                          shouldOptimizeUpdates={true}
                          showsHorizontalScrollIndicator={false}
                          showsVerticalScrollIndicator={false}
                          slideStyle={Object {}}
                          sliderWidth={3}
                          stickyHeaderIndices={Array []}
                          style={
                            Object {
                              "flexDirection": "row",
                              "opacity": 0,
                              "width": 3,
                            }
                          }
                          swipeThreshold={20}
                          updateCellsBatchingPeriod={50}
                          useScrollView={false}
                          vertical={false}
                          viewabilityConfigCallbackPairs={Array []}
                          windowSize={Infinity}
                        >
                          <View>
                            <View
                              onLayout={[Function]}
                              style={
                                Array [
                                  Object {
                                    "flexDirection": "row",
                                  },
                                  null,
                                ]
                              }
                            >
                              <View
                                pointerEvents="box-none"
                                style={
                                  Array [
                                    Object {
                                      "width": 0,
                                    },
                                    Object {},
                                    Object {},
                                  ]
                                }
                              >
                                <View
                                  flexGrow={1}
                                  marginBottom={1}
                                  px={NaN}
                                  style={
                                    Array [
                                      Object {
                                        "marginBottom": 4,
                                        "paddingLeft": "NaNpx",
                                        "paddingRight": "NaNpx",
                                        "width": "0%",
                                      },
                                    ]
                                  }
                                  width={0}
                                >
                                  <View
                                    accessibilityRole="button"
                                    accessible={true}
                                    focusable={true}
                                    isTVSelectable={true}
                                    onClick={[Function]}
                                    onResponderGrant={[Function]}
                                    onResponderMove={[Function]}
                                    onResponderRelease={[Function]}
                                    onResponderTerminate={[Function]}
                                    onResponderTerminationRequest={[Function]}
                                    onStartShouldSetResponder={[Function]}
                                    style={
                                      Array [
                                        Object {
                                          "backgroundColor": "#ffffff",
                                          "borderRadius": 4,
                                          "borderTopColor": "red",
                                          "borderTopWidth": 4,
                                          "display": "flex",
                                          "flexGrow": 1,
                                          "paddingTop": 28,
                                          "shadowColor": "#000",
                                          "shadowOffset": Object {
                                            "height": 2,
                                            "width": 0,
                                          },
                                          "shadowOpacity": 0.05,
                                          "shadowRadius": 3,
                                        },
                                      ]
                                    }
                                  >
                                    <View
                                      flexDirection="row"
                                      flexGrow={1}
                                      px={24}
                                      style={
                                        Array [
                                          Object {
                                            "display": "flex",
                                            "flexDirection": "row",
                                            "flexWrap": "wrap",
                                            "paddingLeft": 24,
                                            "paddingRight": 24,
                                          },
                                        ]
                                      }
                                    >
                                      <View
                                        alignSelf="center"
                                        marginRight={30}
                                        style={
                                          Array [
                                            Object {
                                              "alignSelf": "center",
                                              "marginRight": 30,
                                            },
                                          ]
                                        }
                                      >
                                        <Text
                                          accessibilityLabel="20.0"
                                          accessible={true}
                                          color="#333333"
                                          fontFamily="default"
                                          fontSize={16}
                                          lineHeight={22}
                                          style={
                                            Array [
                                              Object {
                                                "color": "#333333",
                                                "fontFamily": "Arial",
                                                "fontSize": 32,
                                                "fontWeight": "800",
                                                "letterSpacing": -1.5,
                                                "lineHeight": 37,
                                                "marginRight": 30,
                                                "marginTop": 6,
                                              },
                                            ]
                                          }
                                        >
                                          20.0
                                        </Text>
                                      </View>
                                      <View
                                        flexDirection="column"
                                        flexGrow={1}
                                        style={
                                          Array [
                                            Object {
                                              "display": "flex",
                                              "flexDirection": "column",
                                              "flexWrap": "wrap",
                                            },
                                          ]
                                        }
                                      >
                                        <Text
                                          accessibilityLabel="mock title"
                                          accessible={true}
                                          color="gray.1"
                                          flexGrow={1}
                                          fontFamily="default"
                                          fontSize={16}
                                          lineHeight={22}
                                          style={
                                            Array [
                                              Object {
                                                "color": "#212121",
                                                "fontFamily": "Arial",
                                                "fontSize": 16,
                                                "letterSpacing": 0.3,
                                                "lineHeight": 22,
                                              },
                                            ]
                                          }
                                        >
                                          mock title
                                        </Text>
                                        <Text
                                          accessibilityLabel="mock status"
                                          accessible={true}
                                          color="gray.1"
                                          flexGrow={1}
                                          fontFamily="default"
                                          fontSize={16}
                                          lineHeight={22}
                                          style={
                                            Array [
                                              Object {
                                                "color": "#212121",
                                                "fontFamily": "Arial",
                                                "fontSize": 16,
                                                "fontWeight": "700",
                                                "letterSpacing": 0.3,
                                                "lineHeight": 22,
                                              },
                                            ]
                                          }
                                        >
                                          mock status
                                        </Text>
                                      </View>
                                      <Text
                                        accessibilityLabel="mock desc"
                                        accessible={true}
                                        color="gray.1"
                                        flexGrow={1}
                                        fontFamily="default"
                                        fontSize={16}
                                        lineHeight={22}
                                        style={
                                          Array [
                                            Object {
                                              "color": "#666666",
                                              "fontFamily": "Arial",
                                              "fontSize": 16,
                                              "letterSpacing": 0.3,
                                              "lineHeight": 24,
                                              "paddingBottom": 32,
                                              "paddingTop": 32,
                                            },
                                          ]
                                        }
                                      >
                                        mock desc
                                      </Text>
                                    </View>
                                    <View
                                      flexDirection="column"
                                      height={54}
                                      style={
                                        Array [
                                          Object {
                                            "display": "flex",
                                            "flexDirection": "column",
                                            "flexWrap": "wrap",
                                            "height": 54,
                                          },
                                        ]
                                      }
                                    >
                                      <View
                                        backgroundColor="gray.5"
                                        height={1}
                                        style={
                                          Array [
                                            Object {
                                              "backgroundColor": "#e3e3e3",
                                              "height": 1,
                                              "width": "100%",
                                            },
                                          ]
                                        }
                                        width="100%"
                                      />
                                      <View
                                        flexDirection="row"
                                        paddingLeft={24}
                                        paddingRight={24}
                                        paddingTop={16}
                                        style={
                                          Array [
                                            Object {
                                              "display": "flex",
                                              "flexDirection": "row",
                                              "flexWrap": "wrap",
                                              "paddingLeft": 24,
                                              "paddingRight": 24,
                                              "paddingTop": 16,
                                            },
                                          ]
                                        }
                                      >
                                        <Text
                                          color="gray.1"
                                          fontFamily="default"
                                          fontSize={16}
                                          lineHeight={22}
                                          style={
                                            Array [
                                              Object {
                                                "color": "#333333",
                                                "fontFamily": "Arial",
                                                "fontSize": 16,
                                                "lineHeight": 22,
                                              },
                                            ]
                                          }
                                        >
                                          View lifestyle tips
                                        </Text>
                                      </View>
                                    </View>
                                  </View>
                                </View>
                              </View>
                            </View>
                          </View>
                        </RCTScrollView>
                      </View>
                    </View>
                  </View>
                </View>
              </View>
            </View>
          </View>
        </View>
      </View>
    </View>
  </RNCSafeAreaView>
</View>
`;
