// Jest Snapshot v1, https://goo.gl/fbAQLP

exports[`Header should match snapshot 1`] = `
<View
  style={
    Object {
      "flex": 1,
    }
  }
>
  <RNCSafeAreaView
    onInsetsChange={[Function]}
    style={
      Object {
        "flex": 1,
      }
    }
  >
    <View
      onLayout={[Function]}
      style={
        Object {
          "flex": 1,
          "overflow": "hidden",
        }
      }
    >
      <View
        pointerEvents="box-none"
        style={
          Object {
            "bottom": 0,
            "left": 0,
            "position": "absolute",
            "right": 0,
            "top": 0,
          }
        }
      >
        <View
          accessibilityElementsHidden={false}
          closing={false}
          gestureVelocityImpact={0.3}
          importantForAccessibility="auto"
          onClose={[Function]}
          onGestureBegin={[Function]}
          onGestureCanceled={[Function]}
          onOpen={[Function]}
          onTransitionStart={[Function]}
          pointerEvents="box-none"
          style={
            Object {
              "bottom": 0,
              "left": 0,
              "position": "absolute",
              "right": 0,
              "top": 0,
            }
          }
          transitionSpec={
            Object {
              "close": Object {
                "animation": "spring",
                "config": Object {
                  "damping": 500,
                  "mass": 3,
                  "overshootClamping": true,
                  "restDisplacementThreshold": 0.01,
                  "restSpeedThreshold": 0.01,
                  "stiffness": 1000,
                },
              },
              "open": Object {
                "animation": "spring",
                "config": Object {
                  "damping": 500,
                  "mass": 3,
                  "overshootClamping": true,
                  "restDisplacementThreshold": 0.01,
                  "restSpeedThreshold": 0.01,
                  "stiffness": 1000,
                },
              },
            }
          }
        >
          <View
            pointerEvents="box-none"
            style={
              Object {
                "flex": 1,
              }
            }
          >
            <View
              enabled={false}
              hitSlop={
                Object {
                  "right": -700,
                }
              }
              maxDeltaY={20}
              minOffsetX={5}
              onHandlerStateChange={[Function]}
            >
              <View
                style={
                  Object {
                    "flex": 1,
                    "transform": Array [
                      Object {
                        "translateX": 0,
                      },
                      Object {
                        "translateX": 0,
                      },
                    ],
                  }
                }
              >
                <View
                  pointerEvents="none"
                  style={
                    Object {
                      "backgroundColor": "#fff",
                      "bottom": 0,
                      "left": 0,
                      "position": "absolute",
                      "shadowColor": "#000",
                      "shadowOffset": Object {
                        "height": 1,
                        "width": -1,
                      },
                      "shadowOpacity": 0.3,
                      "shadowRadius": 5,
                      "top": 0,
                      "width": 3,
                    }
                  }
                />
                <View
                  style={
                    Array [
                      Object {
                        "flex": 1,
                        "overflow": "hidden",
                      },
                      Array [
                        Object {
                          "backgroundColor": "rgb(242, 242, 242)",
                        },
                        undefined,
                      ],
                    ]
                  }
                >
                  <View
                    style={
                      Object {
                        "flex": 1,
                        "flexDirection": "column-reverse",
                      }
                    }
                  >
                    <View
                      style={
                        Object {
                          "flex": 1,
                        }
                      }
                    >
                      <RCTSafeAreaView
                        emulateUnlessSupported={true}
                        height={64}
                        style={
                          Array [
                            Object {
                              "height": 64,
                            },
                          ]
                        }
                        testID="boxContainer"
                      >
                        <View
                          alignItems="center"
                          backgroundColor="#212121"
                          flex={1}
                          flexDirection="row"
                          justifyContent="space-between"
                          style={
                            Array [
                              Object {
                                "alignItems": "center",
                                "backgroundColor": "#212121",
                                "flexBasis": 0,
                                "flexDirection": "row",
                                "flexGrow": 1,
                                "flexShrink": 1,
                                "justifyContent": "space-between",
                              },
                            ]
                          }
                        >
                          <View
                            animated={true}
                            defaultIndex={-1}
                            defaultValue="Please select..."
                            disabled={false}
                            dropdownStyle={
                              Object {
                                "backgroundColor": "transparent",
                                "borderWidth": 0,
                                "height": 350,
                                "marginTop": 16,
                                "width": "100%",
                              }
                            }
                            keyboardShouldPersistTaps="never"
                            onDropdownWillHide={[Function]}
                            onDropdownWillShow={[Function]}
                            onSelect={[Function]}
                            options={
                              Array [
                                Object {
                                  "image": Object {
                                    "testUri": "../../../src/components/shops/src/assets/icons/shop.png",
                                  },
                                  "navigateTo": "SHOP_HomeScreen",
                                  "titleId": "shop.menu.shopHome",
                                },
                                Object {
                                  "image": Object {
                                    "testUri": "../../../src/components/shops/src/assets/icons/order.png",
                                  },
                                  "navigateTo": "ORDER_HISTORY_SCREEN",
                                  "titleId": "shop.menu.orderHistory",
                                },
                                Object {
                                  "image": Object {
                                    "testUri": "../../../src/components/shops/src/assets/icons/credit.png",
                                  },
                                  "navigateTo": "SHOP_HomeScreen",
                                  "titleId": "shop.menu.creditCards",
                                },
                                Object {
                                  "image": Object {
                                    "testUri": "../../../src/components/shops/src/assets/icons/delivery.png",
                                  },
                                  "navigateTo": "SHOP_DELIVERY_ADDRESSES_SCREEN",
                                  "titleId": "shop.menu.deliveryAddress",
                                },
                              ]
                            }
                            renderRow={[Function]}
                            renderSeparator={[Function]}
                            scrollEnabled={true}
                            showsVerticalScrollIndicator={true}
                            testID="modalDropdown"
                          >
                            <View
                              accessible={true}
                              focusable={true}
                              isTVSelectable={true}
                              onClick={[Function]}
                              onResponderGrant={[Function]}
                              onResponderMove={[Function]}
                              onResponderRelease={[Function]}
                              onResponderTerminate={[Function]}
                              onResponderTerminationRequest={[Function]}
                              onStartShouldSetResponder={[Function]}
                              style={
                                Object {
                                  "opacity": 1,
                                }
                              }
                            >
                              <Image
                                height={12}
                                ml={16}
                                resizeMode="contain"
                                source={
                                  Object {
                                    "testUri": "../../../src/components/shops/src/assets/icons/menu.png",
                                  }
                                }
                                style={
                                  Array [
                                    Object {
                                      "height": 12,
                                      "marginLeft": 16,
                                      "width": 18,
                                    },
                                  ]
                                }
                                width={18}
                              />
                            </View>
                          </View>
                          <View
                            alignItems="center"
                            flexDirection="row"
                            style={
                              Array [
                                Object {
                                  "alignItems": "center",
                                  "flexDirection": "row",
                                },
                              ]
                            }
                          >
                            <View
                              mr={16}
                              style={
                                Array [
                                  Object {
                                    "marginRight": 16,
                                  },
                                ]
                              }
                            >
                              <View
                                accessible={true}
                                focusable={true}
                                isTVSelectable={true}
                                onClick={[Function]}
                                onResponderGrant={[Function]}
                                onResponderMove={[Function]}
                                onResponderRelease={[Function]}
                                onResponderTerminate={[Function]}
                                onResponderTerminationRequest={[Function]}
                                onStartShouldSetResponder={[Function]}
                                style={
                                  Array [
                                    Object {},
                                  ]
                                }
                                testID="cartIcon"
                              >
                                <View
                                  px={1}
                                  style={
                                    Array [
                                      Object {
                                        "paddingLeft": 4,
                                        "paddingRight": 4,
                                      },
                                    ]
                                  }
                                >
                                  <Image
                                    height={18}
                                    source={
                                      Object {
                                        "testUri": "../../../src/components/shops/src/assets/icons/cart.png",
                                      }
                                    }
                                    style={
                                      Array [
                                        Object {
                                          "height": 18,
                                          "width": 18,
                                        },
                                      ]
                                    }
                                    width={18}
                                  />
                                </View>
                              </View>
                            </View>
                          </View>
                        </View>
                      </RCTSafeAreaView>
                    </View>
                  </View>
                </View>
              </View>
            </View>
          </View>
        </View>
      </View>
    </View>
  </RNCSafeAreaView>
</View>
`;
