// Jest Snapshot v1, https://goo.gl/fbAQLP

exports[`HealthScoreHistoryGraph should match snapshot 1`] = `
<View
  style={
    Object {
      "flex": 1,
    }
  }
>
  <RNCSafeAreaView
    onInsetsChange={[Function]}
    style={
      Object {
        "flex": 1,
      }
    }
  >
    <View
      onLayout={[Function]}
      style={
        Object {
          "flex": 1,
          "overflow": "hidden",
        }
      }
    >
      <View
        pointerEvents="box-none"
        style={
          Object {
            "bottom": 0,
            "left": 0,
            "position": "absolute",
            "right": 0,
            "top": 0,
          }
        }
      >
        <View
          accessibilityElementsHidden={false}
          closing={false}
          gestureVelocityImpact={0.3}
          importantForAccessibility="auto"
          onClose={[Function]}
          onGestureBegin={[Function]}
          onGestureCanceled={[Function]}
          onOpen={[Function]}
          onTransitionStart={[Function]}
          pointerEvents="box-none"
          style={
            Object {
              "bottom": 0,
              "left": 0,
              "position": "absolute",
              "right": 0,
              "top": 0,
            }
          }
          transitionSpec={
            Object {
              "close": Object {
                "animation": "spring",
                "config": Object {
                  "damping": 500,
                  "mass": 3,
                  "overshootClamping": true,
                  "restDisplacementThreshold": 0.01,
                  "restSpeedThreshold": 0.01,
                  "stiffness": 1000,
                },
              },
              "open": Object {
                "animation": "spring",
                "config": Object {
                  "damping": 500,
                  "mass": 3,
                  "overshootClamping": true,
                  "restDisplacementThreshold": 0.01,
                  "restSpeedThreshold": 0.01,
                  "stiffness": 1000,
                },
              },
            }
          }
        >
          <View
            pointerEvents="box-none"
            style={
              Object {
                "flex": 1,
              }
            }
          >
            <View
              enabled={false}
              hitSlop={
                Object {
                  "right": -700,
                }
              }
              maxDeltaY={20}
              minOffsetX={5}
              onHandlerStateChange={[Function]}
            >
              <View
                style={
                  Object {
                    "flex": 1,
                    "transform": Array [
                      Object {
                        "translateX": 0,
                      },
                      Object {
                        "translateX": 0,
                      },
                    ],
                  }
                }
              >
                <View
                  pointerEvents="none"
                  style={
                    Object {
                      "backgroundColor": "#fff",
                      "bottom": 0,
                      "left": 0,
                      "position": "absolute",
                      "shadowColor": "#000",
                      "shadowOffset": Object {
                        "height": 1,
                        "width": -1,
                      },
                      "shadowOpacity": 0.3,
                      "shadowRadius": 5,
                      "top": 0,
                      "width": 3,
                    }
                  }
                />
                <View
                  style={
                    Array [
                      Object {
                        "flex": 1,
                        "overflow": "hidden",
                      },
                      Array [
                        Object {
                          "backgroundColor": "rgb(242, 242, 242)",
                        },
                        undefined,
                      ],
                    ]
                  }
                >
                  <View
                    style={
                      Object {
                        "flex": 1,
                        "flexDirection": "column-reverse",
                      }
                    }
                  >
                    <View
                      style={
                        Object {
                          "flex": 1,
                        }
                      }
                    >
                      <View
                        style={
                          Array [
                            Object {},
                          ]
                        }
                      >
                        <Text
                          accessibilityLabel="Lifestyle history"
                          accessible={true}
                          color="#212121"
                          fontFamily="default"
                          fontSize={16}
                          lineHeight={22}
                          style={
                            Array [
                              Object {
                                "color": "#212121",
                                "fontFamily": "Arial",
                                "fontSize": 16,
                                "lineHeight": 22,
                                "textAlign": "center",
                              },
                            ]
                          }
                          textAlign="center"
                        >
                          Lifestyle history
                        </Text>
                        <View
                          accessibilityLabel="Lifestyle Score History Graph showing last 6 records."
                          accessible={true}
                          flexDirection="row"
                          justifyContent="center"
                          mt={3}
                          style={
                            Array [
                              Object {
                                "flexDirection": "row",
                                "justifyContent": "center",
                                "marginTop": 16,
                              },
                            ]
                          }
                        >
                          <View
                            style={
                              Array [
                                Object {
                                  "width": 22,
                                },
                              ]
                            }
                            width={22}
                          >
                            <RNSVGSvgView
                              bbHeight={240}
                              focusable={false}
                              height={240}
                              style={
                                Array [
                                  Object {
                                    "backgroundColor": "transparent",
                                    "borderWidth": 0,
                                  },
                                  undefined,
                                  Object {
                                    "opacity": 1,
                                  },
                                  null,
                                ]
                              }
                            >
                              <RNSVGGroup
                                fill={
                                  Array [
                                    0,
                                    4278190080,
                                  ]
                                }
                                fillOpacity={1}
                                fillRule={1}
                                font={Object {}}
                                matrix={
                                  Array [
                                    1,
                                    0,
                                    0,
                                    1,
                                    0,
                                    0,
                                  ]
                                }
                                opacity={1}
                                originX={0}
                                originY={0}
                                propList={Array []}
                                rotation={0}
                                scaleX={1}
                                scaleY={1}
                                skewX={0}
                                skewY={0}
                                stroke={null}
                                strokeDasharray={null}
                                strokeDashoffset={null}
                                strokeLinecap={0}
                                strokeLinejoin={0}
                                strokeMiterlimit={4}
                                strokeOpacity={1}
                                strokeWidth={1}
                                vectorEffect={0}
                                x={0}
                                y={0}
                              >
                                <RNSVGText
                                  content={null}
                                  dx={Array []}
                                  dy={Array []}
                                  fill={
                                    Array [
                                      0,
                                      4284900966,
                                    ]
                                  }
                                  fillOpacity={1}
                                  fillRule={1}
                                  font={
                                    Object {
                                      "fontFamily": "Arial",
                                      "fontSize": 11,
                                      "textAnchor": "end",
                                    }
                                  }
                                  matrix={
                                    Array [
                                      1,
                                      0,
                                      0,
                                      1,
                                      0,
                                      0,
                                    ]
                                  }
                                  opacity={1}
                                  originX={0}
                                  originY={0}
                                  propList={
                                    Array [
                                      "fill",
                                    ]
                                  }
                                  rotate={Array []}
                                  rotation={0}
                                  scaleX={1}
                                  scaleY={1}
                                  skewX={0}
                                  skewY={0}
                                  stroke={null}
                                  strokeDasharray={null}
                                  strokeDashoffset={null}
                                  strokeLinecap={0}
                                  strokeLinejoin={0}
                                  strokeMiterlimit={4}
                                  strokeOpacity={1}
                                  strokeWidth={1}
                                  vectorEffect={0}
                                  x={
                                    Array [
                                      22,
                                    ]
                                  }
                                  y={
                                    Array [
                                      44,
                                    ]
                                  }
                                >
                                  <RNSVGTSpan
                                    content="100"
                                    dx={Array []}
                                    dy={Array []}
                                    fill={
                                      Array [
                                        0,
                                        4278190080,
                                      ]
                                    }
                                    fillOpacity={1}
                                    fillRule={1}
                                    font={Object {}}
                                    matrix={
                                      Array [
                                        1,
                                        0,
                                        0,
                                        1,
                                        0,
                                        0,
                                      ]
                                    }
                                    opacity={1}
                                    originX={0}
                                    originY={0}
                                    propList={Array []}
                                    rotate={Array []}
                                    rotation={0}
                                    scaleX={1}
                                    scaleY={1}
                                    skewX={0}
                                    skewY={0}
                                    stroke={null}
                                    strokeDasharray={null}
                                    strokeDashoffset={null}
                                    strokeLinecap={0}
                                    strokeLinejoin={0}
                                    strokeMiterlimit={4}
                                    strokeOpacity={1}
                                    strokeWidth={1}
                                    vectorEffect={0}
                                    x={Array []}
                                    y={Array []}
                                  />
                                </RNSVGText>
                                <RNSVGText
                                  content={null}
                                  dx={Array []}
                                  dy={Array []}
                                  fill={
                                    Array [
                                      0,
                                      4284900966,
                                    ]
                                  }
                                  fillOpacity={1}
                                  fillRule={1}
                                  font={
                                    Object {
                                      "fontFamily": "Arial",
                                      "fontSize": 11,
                                      "textAnchor": "end",
                                    }
                                  }
                                  matrix={
                                    Array [
                                      1,
                                      0,
                                      0,
                                      1,
                                      0,
                                      0,
                                    ]
                                  }
                                  opacity={1}
                                  originX={0}
                                  originY={0}
                                  propList={
                                    Array [
                                      "fill",
                                    ]
                                  }
                                  rotate={Array []}
                                  rotation={0}
                                  scaleX={1}
                                  scaleY={1}
                                  skewX={0}
                                  skewY={0}
                                  stroke={null}
                                  strokeDasharray={null}
                                  strokeDashoffset={null}
                                  strokeLinecap={0}
                                  strokeLinejoin={0}
                                  strokeMiterlimit={4}
                                  strokeOpacity={1}
                                  strokeWidth={1}
                                  vectorEffect={0}
                                  x={
                                    Array [
                                      22,
                                    ]
                                  }
                                  y={
                                    Array [
                                      86.5,
                                    ]
                                  }
                                >
                                  <RNSVGTSpan
                                    content="75"
                                    dx={Array []}
                                    dy={Array []}
                                    fill={
                                      Array [
                                        0,
                                        4278190080,
                                      ]
                                    }
                                    fillOpacity={1}
                                    fillRule={1}
                                    font={Object {}}
                                    matrix={
                                      Array [
                                        1,
                                        0,
                                        0,
                                        1,
                                        0,
                                        0,
                                      ]
                                    }
                                    opacity={1}
                                    originX={0}
                                    originY={0}
                                    propList={Array []}
                                    rotate={Array []}
                                    rotation={0}
                                    scaleX={1}
                                    scaleY={1}
                                    skewX={0}
                                    skewY={0}
                                    stroke={null}
                                    strokeDasharray={null}
                                    strokeDashoffset={null}
                                    strokeLinecap={0}
                                    strokeLinejoin={0}
                                    strokeMiterlimit={4}
                                    strokeOpacity={1}
                                    strokeWidth={1}
                                    vectorEffect={0}
                                    x={Array []}
                                    y={Array []}
                                  />
                                </RNSVGText>
                                <RNSVGText
                                  content={null}
                                  dx={Array []}
                                  dy={Array []}
                                  fill={
                                    Array [
                                      0,
                                      4284900966,
                                    ]
                                  }
                                  fillOpacity={1}
                                  fillRule={1}
                                  font={
                                    Object {
                                      "fontFamily": "Arial",
                                      "fontSize": 11,
                                      "textAnchor": "end",
                                    }
                                  }
                                  matrix={
                                    Array [
                                      1,
                                      0,
                                      0,
                                      1,
                                      0,
                                      0,
                                    ]
                                  }
                                  opacity={1}
                                  originX={0}
                                  originY={0}
                                  propList={
                                    Array [
                                      "fill",
                                    ]
                                  }
                                  rotate={Array []}
                                  rotation={0}
                                  scaleX={1}
                                  scaleY={1}
                                  skewX={0}
                                  skewY={0}
                                  stroke={null}
                                  strokeDasharray={null}
                                  strokeDashoffset={null}
                                  strokeLinecap={0}
                                  strokeLinejoin={0}
                                  strokeMiterlimit={4}
                                  strokeOpacity={1}
                                  strokeWidth={1}
                                  vectorEffect={0}
                                  x={
                                    Array [
                                      22,
                                    ]
                                  }
                                  y={
                                    Array [
                                      129,
                                    ]
                                  }
                                >
                                  <RNSVGTSpan
                                    content="50"
                                    dx={Array []}
                                    dy={Array []}
                                    fill={
                                      Array [
                                        0,
                                        4278190080,
                                      ]
                                    }
                                    fillOpacity={1}
                                    fillRule={1}
                                    font={Object {}}
                                    matrix={
                                      Array [
                                        1,
                                        0,
                                        0,
                                        1,
                                        0,
                                        0,
                                      ]
                                    }
                                    opacity={1}
                                    originX={0}
                                    originY={0}
                                    propList={Array []}
                                    rotate={Array []}
                                    rotation={0}
                                    scaleX={1}
                                    scaleY={1}
                                    skewX={0}
                                    skewY={0}
                                    stroke={null}
                                    strokeDasharray={null}
                                    strokeDashoffset={null}
                                    strokeLinecap={0}
                                    strokeLinejoin={0}
                                    strokeMiterlimit={4}
                                    strokeOpacity={1}
                                    strokeWidth={1}
                                    vectorEffect={0}
                                    x={Array []}
                                    y={Array []}
                                  />
                                </RNSVGText>
                                <RNSVGText
                                  content={null}
                                  dx={Array []}
                                  dy={Array []}
                                  fill={
                                    Array [
                                      0,
                                      4284900966,
                                    ]
                                  }
                                  fillOpacity={1}
                                  fillRule={1}
                                  font={
                                    Object {
                                      "fontFamily": "Arial",
                                      "fontSize": 11,
                                      "textAnchor": "end",
                                    }
                                  }
                                  matrix={
                                    Array [
                                      1,
                                      0,
                                      0,
                                      1,
                                      0,
                                      0,
                                    ]
                                  }
                                  opacity={1}
                                  originX={0}
                                  originY={0}
                                  propList={
                                    Array [
                                      "fill",
                                    ]
                                  }
                                  rotate={Array []}
                                  rotation={0}
                                  scaleX={1}
                                  scaleY={1}
                                  skewX={0}
                                  skewY={0}
                                  stroke={null}
                                  strokeDasharray={null}
                                  strokeDashoffset={null}
                                  strokeLinecap={0}
                                  strokeLinejoin={0}
                                  strokeMiterlimit={4}
                                  strokeOpacity={1}
                                  strokeWidth={1}
                                  vectorEffect={0}
                                  x={
                                    Array [
                                      22,
                                    ]
                                  }
                                  y={
                                    Array [
                                      171.5,
                                    ]
                                  }
                                >
                                  <RNSVGTSpan
                                    content="25"
                                    dx={Array []}
                                    dy={Array []}
                                    fill={
                                      Array [
                                        0,
                                        4278190080,
                                      ]
                                    }
                                    fillOpacity={1}
                                    fillRule={1}
                                    font={Object {}}
                                    matrix={
                                      Array [
                                        1,
                                        0,
                                        0,
                                        1,
                                        0,
                                        0,
                                      ]
                                    }
                                    opacity={1}
                                    originX={0}
                                    originY={0}
                                    propList={Array []}
                                    rotate={Array []}
                                    rotation={0}
                                    scaleX={1}
                                    scaleY={1}
                                    skewX={0}
                                    skewY={0}
                                    stroke={null}
                                    strokeDasharray={null}
                                    strokeDashoffset={null}
                                    strokeLinecap={0}
                                    strokeLinejoin={0}
                                    strokeMiterlimit={4}
                                    strokeOpacity={1}
                                    strokeWidth={1}
                                    vectorEffect={0}
                                    x={Array []}
                                    y={Array []}
                                  />
                                </RNSVGText>
                                <RNSVGText
                                  content={null}
                                  dx={Array []}
                                  dy={Array []}
                                  fill={
                                    Array [
                                      0,
                                      4284900966,
                                    ]
                                  }
                                  fillOpacity={1}
                                  fillRule={1}
                                  font={
                                    Object {
                                      "fontFamily": "Arial",
                                      "fontSize": 11,
                                      "textAnchor": "end",
                                    }
                                  }
                                  matrix={
                                    Array [
                                      1,
                                      0,
                                      0,
                                      1,
                                      0,
                                      0,
                                    ]
                                  }
                                  opacity={1}
                                  originX={0}
                                  originY={0}
                                  propList={
                                    Array [
                                      "fill",
                                    ]
                                  }
                                  rotate={Array []}
                                  rotation={0}
                                  scaleX={1}
                                  scaleY={1}
                                  skewX={0}
                                  skewY={0}
                                  stroke={null}
                                  strokeDasharray={null}
                                  strokeDashoffset={null}
                                  strokeLinecap={0}
                                  strokeLinejoin={0}
                                  strokeMiterlimit={4}
                                  strokeOpacity={1}
                                  strokeWidth={1}
                                  vectorEffect={0}
                                  x={
                                    Array [
                                      22,
                                    ]
                                  }
                                  y={
                                    Array [
                                      214,
                                    ]
                                  }
                                >
                                  <RNSVGTSpan
                                    content="0"
                                    dx={Array []}
                                    dy={Array []}
                                    fill={
                                      Array [
                                        0,
                                        4278190080,
                                      ]
                                    }
                                    fillOpacity={1}
                                    fillRule={1}
                                    font={Object {}}
                                    matrix={
                                      Array [
                                        1,
                                        0,
                                        0,
                                        1,
                                        0,
                                        0,
                                      ]
                                    }
                                    opacity={1}
                                    originX={0}
                                    originY={0}
                                    propList={Array []}
                                    rotate={Array []}
                                    rotation={0}
                                    scaleX={1}
                                    scaleY={1}
                                    skewX={0}
                                    skewY={0}
                                    stroke={null}
                                    strokeDasharray={null}
                                    strokeDashoffset={null}
                                    strokeLinecap={0}
                                    strokeLinejoin={0}
                                    strokeMiterlimit={4}
                                    strokeOpacity={1}
                                    strokeWidth={1}
                                    vectorEffect={0}
                                    x={Array []}
                                    y={Array []}
                                  />
                                </RNSVGText>
                              </RNSVGGroup>
                            </RNSVGSvgView>
                          </View>
                          <View
                            flexGrow={1}
                            style={
                              Array [
                                Object {},
                              ]
                            }
                          >
                            <View
                              style={
                                Object {
                                  "height": 240,
                                  "width": "100%",
                                }
                              }
                            >
                              <View
                                onLayout={[Function]}
                                style={
                                  Object {
                                    "flex": 1,
                                  }
                                }
                              />
                            </View>
                          </View>
                        </View>
                      </View>
                    </View>
                  </View>
                </View>
              </View>
            </View>
          </View>
        </View>
      </View>
    </View>
  </RNCSafeAreaView>
</View>
`;
