// Jest Snapshot v1, https://goo.gl/fbAQLP

exports[`ServiceItem should not navigate to routeName when routeName is not exist 1`] = `
<View
  style={
    Object {
      "flex": 1,
    }
  }
>
  <RNCSafeAreaView
    onInsetsChange={[Function]}
    style={
      Object {
        "flex": 1,
      }
    }
  >
    <View
      onLayout={[Function]}
      style={
        Object {
          "flex": 1,
          "overflow": "hidden",
        }
      }
    >
      <View
        pointerEvents="box-none"
        style={
          Object {
            "bottom": 0,
            "left": 0,
            "position": "absolute",
            "right": 0,
            "top": 0,
          }
        }
      >
        <View
          accessibilityElementsHidden={false}
          closing={false}
          gestureVelocityImpact={0.3}
          importantForAccessibility="auto"
          onClose={[Function]}
          onGestureBegin={[Function]}
          onGestureCanceled={[Function]}
          onOpen={[Function]}
          onTransitionStart={[Function]}
          pointerEvents="box-none"
          style={
            Object {
              "bottom": 0,
              "left": 0,
              "position": "absolute",
              "right": 0,
              "top": 0,
            }
          }
          transitionSpec={
            Object {
              "close": Object {
                "animation": "spring",
                "config": Object {
                  "damping": 500,
                  "mass": 3,
                  "overshootClamping": true,
                  "restDisplacementThreshold": 0.01,
                  "restSpeedThreshold": 0.01,
                  "stiffness": 1000,
                },
              },
              "open": Object {
                "animation": "spring",
                "config": Object {
                  "damping": 500,
                  "mass": 3,
                  "overshootClamping": true,
                  "restDisplacementThreshold": 0.01,
                  "restSpeedThreshold": 0.01,
                  "stiffness": 1000,
                },
              },
            }
          }
        >
          <View
            pointerEvents="box-none"
            style={
              Object {
                "flex": 1,
              }
            }
          >
            <View
              enabled={false}
              hitSlop={
                Object {
                  "right": -700,
                }
              }
              maxDeltaY={20}
              minOffsetX={5}
              onHandlerStateChange={[Function]}
            >
              <View
                style={
                  Object {
                    "flex": 1,
                    "transform": Array [
                      Object {
                        "translateX": 0,
                      },
                      Object {
                        "translateX": 0,
                      },
                    ],
                  }
                }
              >
                <View
                  pointerEvents="none"
                  style={
                    Object {
                      "backgroundColor": "#fff",
                      "bottom": 0,
                      "left": 0,
                      "position": "absolute",
                      "shadowColor": "#000",
                      "shadowOffset": Object {
                        "height": 1,
                        "width": -1,
                      },
                      "shadowOpacity": 0.3,
                      "shadowRadius": 5,
                      "top": 0,
                      "width": 3,
                    }
                  }
                />
                <View
                  style={
                    Array [
                      Object {
                        "flex": 1,
                        "overflow": "hidden",
                      },
                      Array [
                        Object {
                          "backgroundColor": "rgb(242, 242, 242)",
                        },
                        undefined,
                      ],
                    ]
                  }
                >
                  <View
                    style={
                      Object {
                        "flex": 1,
                        "flexDirection": "column-reverse",
                      }
                    }
                  >
                    <View
                      style={
                        Object {
                          "flex": 1,
                        }
                      }
                    >
                      <View
                        accessible={true}
                        focusable={true}
                        isTVSelectable={true}
                        onClick={[Function]}
                        onResponderGrant={[Function]}
                        onResponderMove={[Function]}
                        onResponderRelease={[Function]}
                        onResponderTerminate={[Function]}
                        onResponderTerminationRequest={[Function]}
                        onStartShouldSetResponder={[Function]}
                        style={
                          Object {
                            "opacity": 1,
                          }
                        }
                      >
                        <View
                          backgroundColor="#ffffff"
                          flexDirection="row"
                          height={134}
                          justifyContent="space-between"
                          mb={16}
                          style={
                            Array [
                              Object {
                                "backgroundColor": "#ffffff",
                                "flexDirection": "row",
                                "height": 134,
                                "justifyContent": "space-between",
                                "marginBottom": 16,
                              },
                            ]
                          }
                        >
                          <View
                            flex={0.3}
                            style={
                              Array [
                                Object {
                                  "flexBasis": 0,
                                  "flexGrow": 0.3,
                                  "flexShrink": 1,
                                },
                              ]
                            }
                          >
                            <Image
                              source={
                                Object {
                                  "testUri": "../../../src/images/doctor_landing/axa_panel_clinic.png",
                                }
                              }
                              style={
                                Array [
                                  Object {},
                                  Object {
                                    "height": "100%",
                                    "width": "100%",
                                  },
                                ]
                              }
                            />
                          </View>
                          <View
                            flex={0.7}
                            px={12}
                            py={12}
                            style={
                              Array [
                                Object {
                                  "flexBasis": 0,
                                  "flexGrow": 0.7,
                                  "flexShrink": 1,
                                  "paddingBottom": 12,
                                  "paddingLeft": 12,
                                  "paddingRight": 12,
                                  "paddingTop": 12,
                                },
                              ]
                            }
                          >
                            <Text
                              color="#000000"
                              fontFamily="default"
                              fontSize={16}
                              lineHeight={22}
                              style={
                                Array [
                                  Object {
                                    "color": "#000000",
                                    "fontFamily": "Arial",
                                    "fontSize": 16,
                                    "lineHeight": 22,
                                  },
                                ]
                              }
                            >
                              AXA Panel Clinics
                            </Text>
                            <Text
                              color="#666666"
                              fontFamily="default"
                              fontSize={14}
                              lineHeight={22}
                              style={
                                Array [
                                  Object {
                                    "color": "#666666",
                                    "fontFamily": "Arial",
                                    "fontSize": 14,
                                    "lineHeight": 22,
                                  },
                                ]
                              }
                            >
                              Find panel clinics and easily book an appointment with them.
                            </Text>
                          </View>
                        </View>
                      </View>
                    </View>
                  </View>
                </View>
              </View>
            </View>
          </View>
        </View>
      </View>
    </View>
  </RNCSafeAreaView>
</View>
`;
