// Jest Snapshot v1, https://goo.gl/fbAQLP

exports[`General Tips Loader should match snapshot 1`] = `
<View
  style={
    Object {
      "flex": 1,
    }
  }
>
  <RNCSafeAreaView
    onInsetsChange={[Function]}
    style={
      Object {
        "flex": 1,
      }
    }
  >
    <View
      onLayout={[Function]}
      style={
        Object {
          "flex": 1,
          "overflow": "hidden",
        }
      }
    >
      <View
        pointerEvents="box-none"
        style={
          Object {
            "bottom": 0,
            "left": 0,
            "position": "absolute",
            "right": 0,
            "top": 0,
          }
        }
      >
        <View
          accessibilityElementsHidden={false}
          closing={false}
          gestureVelocityImpact={0.3}
          importantForAccessibility="auto"
          onClose={[Function]}
          onGestureBegin={[Function]}
          onGestureCanceled={[Function]}
          onOpen={[Function]}
          onTransitionStart={[Function]}
          pointerEvents="box-none"
          style={
            Object {
              "bottom": 0,
              "left": 0,
              "position": "absolute",
              "right": 0,
              "top": 0,
            }
          }
          transitionSpec={
            Object {
              "close": Object {
                "animation": "spring",
                "config": Object {
                  "damping": 500,
                  "mass": 3,
                  "overshootClamping": true,
                  "restDisplacementThreshold": 0.01,
                  "restSpeedThreshold": 0.01,
                  "stiffness": 1000,
                },
              },
              "open": Object {
                "animation": "spring",
                "config": Object {
                  "damping": 500,
                  "mass": 3,
                  "overshootClamping": true,
                  "restDisplacementThreshold": 0.01,
                  "restSpeedThreshold": 0.01,
                  "stiffness": 1000,
                },
              },
            }
          }
        >
          <View
            pointerEvents="box-none"
            style={
              Object {
                "flex": 1,
              }
            }
          >
            <View
              enabled={false}
              hitSlop={
                Object {
                  "right": -700,
                }
              }
              maxDeltaY={20}
              minOffsetX={5}
              onHandlerStateChange={[Function]}
            >
              <View
                style={
                  Object {
                    "flex": 1,
                    "transform": Array [
                      Object {
                        "translateX": 0,
                      },
                      Object {
                        "translateX": 0,
                      },
                    ],
                  }
                }
              >
                <View
                  pointerEvents="none"
                  style={
                    Object {
                      "backgroundColor": "#fff",
                      "bottom": 0,
                      "left": 0,
                      "position": "absolute",
                      "shadowColor": "#000",
                      "shadowOffset": Object {
                        "height": 1,
                        "width": -1,
                      },
                      "shadowOpacity": 0.3,
                      "shadowRadius": 5,
                      "top": 0,
                      "width": 3,
                    }
                  }
                />
                <View
                  style={
                    Array [
                      Object {
                        "flex": 1,
                        "overflow": "hidden",
                      },
                      Array [
                        Object {
                          "backgroundColor": "rgb(242, 242, 242)",
                        },
                        undefined,
                      ],
                    ]
                  }
                >
                  <View
                    style={
                      Object {
                        "flex": 1,
                        "flexDirection": "column-reverse",
                      }
                    }
                  >
                    <View
                      style={
                        Object {
                          "flex": 1,
                        }
                      }
                    >
                      <View
                        alignSelf="center"
                        height={252.5}
                        marginTop={16}
                        px={NaN}
                        style={
                          Array [
                            Object {
                              "alignSelf": "center",
                              "height": 252.5,
                              "marginTop": 16,
                              "paddingLeft": "NaNpx",
                              "paddingRight": "NaNpx",
                              "width": "0%",
                            },
                          ]
                        }
                        width={0}
                      >
                        <View
                          accessible={true}
                          focusable={false}
                          isTVSelectable={true}
                          onClick={[Function]}
                          onResponderGrant={[Function]}
                          onResponderMove={[Function]}
                          onResponderRelease={[Function]}
                          onResponderTerminate={[Function]}
                          onResponderTerminationRequest={[Function]}
                          onStartShouldSetResponder={[Function]}
                          style={
                            Array [
                              Object {
                                "backgroundColor": "#ffffff",
                                "borderRadius": 4,
                                "flexGrow": 1,
                                "marginBottom": 8,
                                "paddingTop": 32,
                                "shadowColor": "#000",
                                "shadowOffset": Object {
                                  "height": 2,
                                  "width": 0,
                                },
                                "shadowOpacity": 0.05,
                                "shadowRadius": 3,
                              },
                            ]
                          }
                        >
                          <View
                            style={
                              Array [
                                Object {},
                                Object {
                                  "paddingLeft": 24,
                                  "paddingRight": 24,
                                },
                              ]
                            }
                          >
                            <View
                              height={22}
                              justifyContent="center"
                              style={
                                Array [
                                  Object {
                                    "height": 22,
                                    "justifyContent": "center",
                                  },
                                ]
                              }
                            >
                              <View
                                style={
                                  Array [
                                    Object {
                                      "height": 22,
                                      "width": NaN,
                                    },
                                    Object {
                                      "overflow": "hidden",
                                    },
                                    Array [
                                      Object {
                                        "borderRadius": 4,
                                      },
                                    ],
                                  ]
                                }
                              >
                                <View
                                  style={
                                    Object {
                                      "backgroundColor": "#f0f0f0",
                                      "flex": 1,
                                    }
                                  }
                                >
                                  <View
                                    style={
                                      Object {
                                        "flex": 1,
                                        "transform": Array [
                                          Object {
                                            "translateX": NaN,
                                          },
                                        ],
                                      }
                                    }
                                  >
                                    <BVLinearGradient
                                      colors={
                                        Array [
                                          4293980400,
                                          4293125091,
                                          4293980400,
                                        ]
                                      }
                                      endPoint={
                                        Object {
                                          "x": 2,
                                          "y": 0.5,
                                        }
                                      }
                                      locations={
                                        Array [
                                          0.3,
                                          0.5,
                                          0.7,
                                        ]
                                      }
                                      startPoint={
                                        Object {
                                          "x": -1,
                                          "y": 0.5,
                                        }
                                      }
                                      style={
                                        Object {
                                          "flex": 1,
                                          "width": NaN,
                                        }
                                      }
                                    />
                                  </View>
                                  <View
                                    style={
                                      Object {
                                        "height": 0,
                                        "width": 0,
                                      }
                                    }
                                  />
                                </View>
                              </View>
                            </View>
                          </View>
                          <View
                            style={
                              Array [
                                Object {},
                                Object {
                                  "paddingLeft": 24,
                                  "paddingRight": 24,
                                  "paddingTop": 4,
                                },
                              ]
                            }
                          >
                            <View
                              height={22}
                              justifyContent="center"
                              style={
                                Array [
                                  Object {
                                    "height": 22,
                                    "justifyContent": "center",
                                  },
                                ]
                              }
                            >
                              <View
                                style={
                                  Array [
                                    Object {
                                      "height": 22,
                                      "width": NaN,
                                    },
                                    Object {
                                      "overflow": "hidden",
                                    },
                                    Array [
                                      Object {
                                        "borderRadius": 4,
                                      },
                                    ],
                                  ]
                                }
                              >
                                <View
                                  style={
                                    Object {
                                      "backgroundColor": "#f0f0f0",
                                      "flex": 1,
                                    }
                                  }
                                >
                                  <View
                                    style={
                                      Object {
                                        "flex": 1,
                                        "transform": Array [
                                          Object {
                                            "translateX": NaN,
                                          },
                                        ],
                                      }
                                    }
                                  >
                                    <BVLinearGradient
                                      colors={
                                        Array [
                                          4293980400,
                                          4293125091,
                                          4293980400,
                                        ]
                                      }
                                      endPoint={
                                        Object {
                                          "x": 2,
                                          "y": 0.5,
                                        }
                                      }
                                      locations={
                                        Array [
                                          0.3,
                                          0.5,
                                          0.7,
                                        ]
                                      }
                                      startPoint={
                                        Object {
                                          "x": -1,
                                          "y": 0.5,
                                        }
                                      }
                                      style={
                                        Object {
                                          "flex": 1,
                                          "width": NaN,
                                        }
                                      }
                                    />
                                  </View>
                                  <View
                                    style={
                                      Object {
                                        "height": 0,
                                        "width": 0,
                                      }
                                    }
                                  />
                                </View>
                              </View>
                            </View>
                          </View>
                          <View
                            style={
                              Array [
                                Object {},
                                Object {
                                  "paddingLeft": 24,
                                  "paddingRight": 24,
                                  "paddingTop": 30,
                                },
                              ]
                            }
                          >
                            <View
                              height={22}
                              justifyContent="center"
                              style={
                                Array [
                                  Object {
                                    "height": 22,
                                    "justifyContent": "center",
                                  },
                                ]
                              }
                            >
                              <View
                                style={
                                  Array [
                                    Object {
                                      "height": 22,
                                      "width": 200,
                                    },
                                    Object {
                                      "overflow": "hidden",
                                    },
                                    Array [
                                      Object {
                                        "borderRadius": 4,
                                      },
                                    ],
                                  ]
                                }
                              >
                                <View
                                  style={
                                    Object {
                                      "backgroundColor": "#f0f0f0",
                                      "flex": 1,
                                    }
                                  }
                                >
                                  <View
                                    style={
                                      Object {
                                        "flex": 1,
                                        "transform": Array [
                                          Object {
                                            "translateX": -200,
                                          },
                                        ],
                                      }
                                    }
                                  >
                                    <BVLinearGradient
                                      colors={
                                        Array [
                                          4293980400,
                                          4293125091,
                                          4293980400,
                                        ]
                                      }
                                      endPoint={
                                        Object {
                                          "x": 2,
                                          "y": 0.5,
                                        }
                                      }
                                      locations={
                                        Array [
                                          0.3,
                                          0.5,
                                          0.7,
                                        ]
                                      }
                                      startPoint={
                                        Object {
                                          "x": -1,
                                          "y": 0.5,
                                        }
                                      }
                                      style={
                                        Object {
                                          "flex": 1,
                                          "width": 200,
                                        }
                                      }
                                    />
                                  </View>
                                  <View
                                    style={
                                      Object {
                                        "height": 0,
                                        "width": 0,
                                      }
                                    }
                                  />
                                </View>
                              </View>
                            </View>
                          </View>
                          <View
                            style={
                              Array [
                                Object {},
                                Object {
                                  "paddingLeft": 24,
                                  "paddingRight": 24,
                                  "paddingTop": 4,
                                },
                              ]
                            }
                          >
                            <View
                              height={22}
                              justifyContent="center"
                              style={
                                Array [
                                  Object {
                                    "height": 22,
                                    "justifyContent": "center",
                                  },
                                ]
                              }
                            >
                              <View
                                style={
                                  Array [
                                    Object {
                                      "height": 22,
                                      "width": 200,
                                    },
                                    Object {
                                      "overflow": "hidden",
                                    },
                                    Array [
                                      Object {
                                        "borderRadius": 4,
                                      },
                                    ],
                                  ]
                                }
                              >
                                <View
                                  style={
                                    Object {
                                      "backgroundColor": "#f0f0f0",
                                      "flex": 1,
                                    }
                                  }
                                >
                                  <View
                                    style={
                                      Object {
                                        "flex": 1,
                                        "transform": Array [
                                          Object {
                                            "translateX": -200,
                                          },
                                        ],
                                      }
                                    }
                                  >
                                    <BVLinearGradient
                                      colors={
                                        Array [
                                          4293980400,
                                          4293125091,
                                          4293980400,
                                        ]
                                      }
                                      endPoint={
                                        Object {
                                          "x": 2,
                                          "y": 0.5,
                                        }
                                      }
                                      locations={
                                        Array [
                                          0.3,
                                          0.5,
                                          0.7,
                                        ]
                                      }
                                      startPoint={
                                        Object {
                                          "x": -1,
                                          "y": 0.5,
                                        }
                                      }
                                      style={
                                        Object {
                                          "flex": 1,
                                          "width": 200,
                                        }
                                      }
                                    />
                                  </View>
                                  <View
                                    style={
                                      Object {
                                        "height": 0,
                                        "width": 0,
                                      }
                                    }
                                  />
                                </View>
                              </View>
                            </View>
                          </View>
                          <View
                            style={
                              Array [
                                Object {},
                                Object {
                                  "paddingBottom": 32,
                                  "paddingLeft": 24,
                                  "paddingRight": 24,
                                  "paddingTop": 4,
                                },
                              ]
                            }
                          >
                            <View
                              height={22}
                              justifyContent="center"
                              style={
                                Array [
                                  Object {
                                    "height": 22,
                                    "justifyContent": "center",
                                  },
                                ]
                              }
                            >
                              <View
                                style={
                                  Array [
                                    Object {
                                      "height": 22,
                                      "width": NaN,
                                    },
                                    Object {
                                      "overflow": "hidden",
                                    },
                                    Array [
                                      Object {
                                        "borderRadius": 4,
                                      },
                                    ],
                                  ]
                                }
                              >
                                <View
                                  style={
                                    Object {
                                      "backgroundColor": "#f0f0f0",
                                      "flex": 1,
                                    }
                                  }
                                >
                                  <View
                                    style={
                                      Object {
                                        "flex": 1,
                                        "transform": Array [
                                          Object {
                                            "translateX": NaN,
                                          },
                                        ],
                                      }
                                    }
                                  >
                                    <BVLinearGradient
                                      colors={
                                        Array [
                                          4293980400,
                                          4293125091,
                                          4293980400,
                                        ]
                                      }
                                      endPoint={
                                        Object {
                                          "x": 2,
                                          "y": 0.5,
                                        }
                                      }
                                      locations={
                                        Array [
                                          0.3,
                                          0.5,
                                          0.7,
                                        ]
                                      }
                                      startPoint={
                                        Object {
                                          "x": -1,
                                          "y": 0.5,
                                        }
                                      }
                                      style={
                                        Object {
                                          "flex": 1,
                                          "width": NaN,
                                        }
                                      }
                                    />
                                  </View>
                                  <View
                                    style={
                                      Object {
                                        "height": 0,
                                        "width": 0,
                                      }
                                    }
                                  />
                                </View>
                              </View>
                            </View>
                          </View>
                          <View
                            backgroundColor="gray.5"
                            height={1}
                            style={
                              Array [
                                Object {
                                  "backgroundColor": "#e3e3e3",
                                  "height": 1,
                                  "width": "100%",
                                },
                              ]
                            }
                            width="100%"
                          />
                          <View
                            style={
                              Array [
                                Object {},
                                Object {
                                  "paddingBottom": 16,
                                  "paddingLeft": 24,
                                  "paddingRight": 24,
                                  "paddingTop": 16,
                                },
                              ]
                            }
                          >
                            <View
                              height={22}
                              justifyContent="center"
                              style={
                                Array [
                                  Object {
                                    "height": 22,
                                    "justifyContent": "center",
                                  },
                                ]
                              }
                            >
                              <View
                                style={
                                  Array [
                                    Object {
                                      "height": 22,
                                      "width": NaN,
                                    },
                                    Object {
                                      "overflow": "hidden",
                                    },
                                    Array [
                                      Object {
                                        "borderRadius": 4,
                                      },
                                    ],
                                  ]
                                }
                              >
                                <View
                                  style={
                                    Object {
                                      "backgroundColor": "#f0f0f0",
                                      "flex": 1,
                                    }
                                  }
                                >
                                  <View
                                    style={
                                      Object {
                                        "flex": 1,
                                        "transform": Array [
                                          Object {
                                            "translateX": NaN,
                                          },
                                        ],
                                      }
                                    }
                                  >
                                    <BVLinearGradient
                                      colors={
                                        Array [
                                          4293980400,
                                          4293125091,
                                          4293980400,
                                        ]
                                      }
                                      endPoint={
                                        Object {
                                          "x": 2,
                                          "y": 0.5,
                                        }
                                      }
                                      locations={
                                        Array [
                                          0.3,
                                          0.5,
                                          0.7,
                                        ]
                                      }
                                      startPoint={
                                        Object {
                                          "x": -1,
                                          "y": 0.5,
                                        }
                                      }
                                      style={
                                        Object {
                                          "flex": 1,
                                          "width": NaN,
                                        }
                                      }
                                    />
                                  </View>
                                  <View
                                    style={
                                      Object {
                                        "height": 0,
                                        "width": 0,
                                      }
                                    }
                                  />
                                </View>
                              </View>
                            </View>
                          </View>
                        </View>
                      </View>
                    </View>
                  </View>
                </View>
              </View>
            </View>
          </View>
        </View>
      </View>
    </View>
  </RNCSafeAreaView>
</View>
`;
